5 is greater than 3
2 is not greater than 3
5 is greater than 3
2 is not greater than 3
4 is greater than 3
3 is greater than 2
2 is greater than 1
1 is greater than 0
0 is not positive
-1 is not positive
4 is greater than 3
3 is greater than 2
2 is greater than 1
1 is greater than 0
0 is not positive
-1 is not positive
