CSI Set Save cursor and use Alternate Screen Buffer: '<ESC>[?1049h'
CSI Window manipulation invalid command: '<ESC>[22;0;0t'
CSI Dec Private Mode Restore Normal Cursor Keys: '<ESC>[1;24r'
Designate G0 Character United States (USASCII): '<ESC>(B'
CSI Character Attributes-Normal: '<ESC>[m'
CSI Dec Private Mode Reset Jump (fast) Scroll: '<ESC>[4l'
CSI Set Wraparound Mode: '<ESC>[?7h'
CSI Set Application Cursor Keys: '<ESC>[?1h'
Application Keypad: '<ESC>='
CSI Position Cursor to row 1,Col 1]: '<ESC>[H'
CSI Erase Display All: '<ESC>[2J'
CSI Position Cursor to row 10,Col 4]: '<ESC>[10;4H'
Designate G0 Character Dec Special and Line Drawing Set: '<ESC>(0'
CSI Character Attributes-Normal: '<ESC>[0m'
text Dec Special 1-ul corner 71-Horizontal line: 'lqqqqqqqqqqqqqqqqqqqqqqqqqqqqqqqqqqqqqqqqqqqqqqqqqqqqqqqqqqqqqqqqqqqqqqq'
text Dec Special, 1-ur corner: 'k'
Designate G0 Character United States (USASCII): '<ESC>(B'
CSI Position Cursor to row 11,Col 4]: '<ESC>[11;4H'
Designate G0 Character Dec Special and Line Drawing Set: '<ESC>(0'
CSI Character Attributes-Normal: '<ESC>[0m'
text Dec Special 1-Vertical line: 'x'
Designate G0 Character United States (USASCII): '<ESC>(B'
text USASCII: ' No LifeLines database found.'
CSI Cursor to Column 76: '<ESC>[76G'
Designate G0 Character Dec Special and Line Drawing Set: '<ESC>(0'
CSI Character Attributes-Normal: '<ESC>[0m'
text Dec Special 1-Vertical line: 'x'
Designate G0 Character United States (USASCII): '<ESC>(B'
CSI Position Cursor to row 12,Col 4]: '<ESC>[12;4H'
Designate G0 Character Dec Special and Line Drawing Set: '<ESC>(0'
CSI Character Attributes-Normal: '<ESC>[0m'
text Dec Special 1-Vertical line: 'x'
Designate G0 Character United States (USASCII): '<ESC>(B'
text USASCII: ' Do you want to create a database at './testdb'?'
CSI Cursor to Column 76: '<ESC>[76G'
Designate G0 Character Dec Special and Line Drawing Set: '<ESC>(0'
CSI Character Attributes-Normal: '<ESC>[0m'
text Dec Special 1-Vertical line: 'x'
Designate G0 Character United States (USASCII): '<ESC>(B'
CSI Position Cursor to row 13,Col 4]: '<ESC>[13;4H'
Designate G0 Character Dec Special and Line Drawing Set: '<ESC>(0'
CSI Character Attributes-Normal: '<ESC>[0m'
text Dec Special 1-Vertical line: 'x'
Designate G0 Character United States (USASCII): '<ESC>(B'
text USASCII: ' enter y (yes) or n (no):'
CSI Cursor to Column 76: '<ESC>[76G'
Designate G0 Character Dec Special and Line Drawing Set: '<ESC>(0'
CSI Character Attributes-Normal: '<ESC>[0m'
text Dec Special 1-Vertical line: 'x'
Designate G0 Character United States (USASCII): '<ESC>(B'
CSI Position Cursor to row 14,Col 4]: '<ESC>[14;4H'
Designate G0 Character Dec Special and Line Drawing Set: '<ESC>(0'
CSI Character Attributes-Normal: '<ESC>[0m'
text Dec Special 1-ll corner 71-Horizontal line: 'mqqqqqqqqqqqqqqqqqqqqqqqqqqqqqqqqqqqqqqqqqqqqqqqqqqqqqqqqqqqqqqqqqqqqqqq'
text Dec Special, 1-lr corner: 'j'
Designate G0 Character United States (USASCII): '<ESC>(B'
CSI Position Cursor to row 13,Col 31]: '<ESC>[13;31H'
Designate G0 Character Dec Special and Line Drawing Set: '<ESC>(0'
CSI Character Attributes-Normal: '<ESC>[0m'
Designate G0 Character United States (USASCII): '<ESC>(B'
CSI Set Application Cursor Keys: '<ESC>[?1h'
Application Keypad: '<ESC>='
CSI Position Cursor to row 1,Col 1]: '<ESC>[H'
CSI Erase Display All: '<ESC>[2J'
Designate G0 Character Dec Special and Line Drawing Set: '<ESC>(0'
CSI Character Attributes-Normal: '<ESC>[0m'
text Dec Special 1-ul corner 78-Horizontal line: 'lqqqqqqqqqqqqqqqqqqqqqqqqqqqqqqqqqqqqqqqqqqqqqqqqqqqqqqqqqqqqqqqqqqqqqqqqqqqqqq'
text Dec Special, 1-ur corner: 'k'
Designate G0 Character United States (USASCII): '<ESC>(B'
CSI Position Cursor to row 2,Col 1]: '<ESC>[2;1H'
Designate G0 Character Dec Special and Line Drawing Set: '<ESC>(0'
CSI Character Attributes-Normal: '<ESC>[0m'
text Dec Special 1-Vertical line: 'x'
Designate G0 Character United States (USASCII): '<ESC>(B'
text USASCII: ' LifeLines 3.2.0 (alpha) - Genealogical DB and Programming System'
CSI Cursor to Column 80: '<ESC>[80G'
Designate G0 Character Dec Special and Line Drawing Set: '<ESC>(0'
CSI Character Attributes-Normal: '<ESC>[0m'
text Dec Special 1-Vertical line: 'x'
Designate G0 Character United States (USASCII): '<ESC>(B'
CSI Position Cursor to row 3,Col 1]: '<ESC>[3;1H'
Designate G0 Character Dec Special and Line Drawing Set: '<ESC>(0'
CSI Character Attributes-Normal: '<ESC>[0m'
text Dec Special 1-Vertical line: 'x'
Designate G0 Character United States (USASCII): '<ESC>(B'
text USASCII: '   Copyright(c) 1991 to 1996, by T. T. Wetmore IV'
CSI Cursor to Column 80: '<ESC>[80G'
Designate G0 Character Dec Special and Line Drawing Set: '<ESC>(0'
CSI Character Attributes-Normal: '<ESC>[0m'
text Dec Special 1-Vertical line: 'x'
Designate G0 Character United States (USASCII): '<ESC>(B'
CSI Position Cursor to row 4,Col 1]: '<ESC>[4;1H'
Designate G0 Character Dec Special and Line Drawing Set: '<ESC>(0'
CSI Character Attributes-Normal: '<ESC>[0m'
text Dec Special 1-Vertical line: 'x'
Designate G0 Character United States (USASCII): '<ESC>(B'
text USASCII: '   Current Database - ./testdb'
CSI Cursor to Column 80: '<ESC>[80G'
Designate G0 Character Dec Special and Line Drawing Set: '<ESC>(0'
CSI Character Attributes-Normal: '<ESC>[0m'
text Dec Special 1-Vertical line: 'x'
Designate G0 Character United States (USASCII): '<ESC>(B'
CSI Position Cursor to row 5,Col 1]: '<ESC>[5;1H'
Designate G0 Character Dec Special and Line Drawing Set: '<ESC>(0'
CSI Character Attributes-Normal: '<ESC>[0m'
text Dec Special 1-right pointing tee 78-Horizontal line: 'tqqqqqqqqqqqqqqqqqqqqqqqqqqqqqqqqqqqqqqqqqqqqqqqqqqqqqqqqqqqqqqqqqqqqqqqqqqqqqq'
text Dec Special, 1-left pointing tee: 'u'
Designate G0 Character United States (USASCII): '<ESC>(B'
CSI Position Cursor to row 6,Col 1]: '<ESC>[6;1H'
Designate G0 Character Dec Special and Line Drawing Set: '<ESC>(0'
CSI Character Attributes-Normal: '<ESC>[0m'
text Dec Special 1-Vertical line: 'x'
Designate G0 Character United States (USASCII): '<ESC>(B'
text USASCII: ' Please choose an operation:'
CSI Cursor to Column 80: '<ESC>[80G'
Designate G0 Character Dec Special and Line Drawing Set: '<ESC>(0'
CSI Character Attributes-Normal: '<ESC>[0m'
text Dec Special 1-Vertical line: 'x'
Designate G0 Character United States (USASCII): '<ESC>(B'
CSI Position Cursor to row 7,Col 1]: '<ESC>[7;1H'
Designate G0 Character Dec Special and Line Drawing Set: '<ESC>(0'
CSI Character Attributes-Normal: '<ESC>[0m'
text Dec Special 1-Vertical line: 'x'
Designate G0 Character United States (USASCII): '<ESC>(B'
text USASCII: '   b  Browse the persons in the database'
CSI Cursor to Column 80: '<ESC>[80G'
Designate G0 Character Dec Special and Line Drawing Set: '<ESC>(0'
CSI Character Attributes-Normal: '<ESC>[0m'
text Dec Special 1-Vertical line: 'x'
Designate G0 Character United States (USASCII): '<ESC>(B'
CSI Position Cursor to row 8,Col 1]: '<ESC>[8;1H'
Designate G0 Character Dec Special and Line Drawing Set: '<ESC>(0'
CSI Character Attributes-Normal: '<ESC>[0m'
text Dec Special 1-Vertical line: 'x'
Designate G0 Character United States (USASCII): '<ESC>(B'
text USASCII: '   s  Search database'
CSI Cursor to Column 80: '<ESC>[80G'
Designate G0 Character Dec Special and Line Drawing Set: '<ESC>(0'
CSI Character Attributes-Normal: '<ESC>[0m'
text Dec Special 1-Vertical line: 'x'
Designate G0 Character United States (USASCII): '<ESC>(B'
CSI Position Cursor to row 9,Col 1]: '<ESC>[9;1H'
Designate G0 Character Dec Special and Line Drawing Set: '<ESC>(0'
CSI Character Attributes-Normal: '<ESC>[0m'
text Dec Special 1-Vertical line: 'x'
Designate G0 Character United States (USASCII): '<ESC>(B'
text USASCII: '   a  Add information to the database'
CSI Cursor to Column 80: '<ESC>[80G'
Designate G0 Character Dec Special and Line Drawing Set: '<ESC>(0'
CSI Character Attributes-Normal: '<ESC>[0m'
text Dec Special 1-Vertical line: 'x'
Designate G0 Character United States (USASCII): '<ESC>(B'
CSI Position Cursor to row 10,Col 1]: '<ESC>[10;1H'
Designate G0 Character Dec Special and Line Drawing Set: '<ESC>(0'
CSI Character Attributes-Normal: '<ESC>[0m'
text Dec Special 1-Vertical line: 'x'
Designate G0 Character United States (USASCII): '<ESC>(B'
text USASCII: '   d  Delete information from the database'
CSI Cursor to Column 80: '<ESC>[80G'
Designate G0 Character Dec Special and Line Drawing Set: '<ESC>(0'
CSI Character Attributes-Normal: '<ESC>[0m'
text Dec Special 1-Vertical line: 'x'
Designate G0 Character United States (USASCII): '<ESC>(B'
CSI Position Cursor to row 11,Col 1]: '<ESC>[11;1H'
Designate G0 Character Dec Special and Line Drawing Set: '<ESC>(0'
CSI Character Attributes-Normal: '<ESC>[0m'
text Dec Special 1-Vertical line: 'x'
Designate G0 Character United States (USASCII): '<ESC>(B'
text USASCII: '   p  Pick a report from list and run'
CSI Cursor to Column 80: '<ESC>[80G'
Designate G0 Character Dec Special and Line Drawing Set: '<ESC>(0'
CSI Character Attributes-Normal: '<ESC>[0m'
text Dec Special 1-Vertical line: 'x'
Designate G0 Character United States (USASCII): '<ESC>(B'
CSI Position Cursor to row 12,Col 1]: '<ESC>[12;1H'
Designate G0 Character Dec Special and Line Drawing Set: '<ESC>(0'
CSI Character Attributes-Normal: '<ESC>[0m'
text Dec Special 1-Vertical line: 'x'
Designate G0 Character United States (USASCII): '<ESC>(B'
text USASCII: '   r  Generate report by entering report name'
CSI Cursor to Column 80: '<ESC>[80G'
Designate G0 Character Dec Special and Line Drawing Set: '<ESC>(0'
CSI Character Attributes-Normal: '<ESC>[0m'
text Dec Special 1-Vertical line: 'x'
Designate G0 Character United States (USASCII): '<ESC>(B'
CSI Position Cursor to row 13,Col 1]: '<ESC>[13;1H'
Designate G0 Character Dec Special and Line Drawing Set: '<ESC>(0'
CSI Character Attributes-Normal: '<ESC>[0m'
text Dec Special 1-Vertical line: 'x'
Designate G0 Character United States (USASCII): '<ESC>(B'
text USASCII: '   t  Modify character translation tables'
CSI Cursor to Column 80: '<ESC>[80G'
Designate G0 Character Dec Special and Line Drawing Set: '<ESC>(0'
CSI Character Attributes-Normal: '<ESC>[0m'
text Dec Special 1-Vertical line: 'x'
Designate G0 Character United States (USASCII): '<ESC>(B'
CSI Position Cursor to row 14,Col 1]: '<ESC>[14;1H'
Designate G0 Character Dec Special and Line Drawing Set: '<ESC>(0'
CSI Character Attributes-Normal: '<ESC>[0m'
text Dec Special 1-Vertical line: 'x'
Designate G0 Character United States (USASCII): '<ESC>(B'
text USASCII: '   u  Miscellaneous utilities'
CSI Cursor to Column 80: '<ESC>[80G'
Designate G0 Character Dec Special and Line Drawing Set: '<ESC>(0'
CSI Character Attributes-Normal: '<ESC>[0m'
text Dec Special 1-Vertical line: 'x'
Designate G0 Character United States (USASCII): '<ESC>(B'
CSI Position Cursor to row 15,Col 1]: '<ESC>[15;1H'
Designate G0 Character Dec Special and Line Drawing Set: '<ESC>(0'
CSI Character Attributes-Normal: '<ESC>[0m'
text Dec Special 1-Vertical line: 'x'
Designate G0 Character United States (USASCII): '<ESC>(B'
text USASCII: '   x  Handle source, event and other records'
CSI Cursor to Column 80: '<ESC>[80G'
Designate G0 Character Dec Special and Line Drawing Set: '<ESC>(0'
CSI Character Attributes-Normal: '<ESC>[0m'
text Dec Special 1-Vertical line: 'x'
Designate G0 Character United States (USASCII): '<ESC>(B'
CSI Position Cursor to row 16,Col 1]: '<ESC>[16;1H'
Designate G0 Character Dec Special and Line Drawing Set: '<ESC>(0'
CSI Character Attributes-Normal: '<ESC>[0m'
text Dec Special 1-Vertical line: 'x'
Designate G0 Character United States (USASCII): '<ESC>(B'
text USASCII: '   Q  Quit current database'
CSI Cursor to Column 80: '<ESC>[80G'
Designate G0 Character Dec Special and Line Drawing Set: '<ESC>(0'
CSI Character Attributes-Normal: '<ESC>[0m'
text Dec Special 1-Vertical line: 'x'
Designate G0 Character United States (USASCII): '<ESC>(B'
CSI Position Cursor to row 17,Col 1]: '<ESC>[17;1H'
Designate G0 Character Dec Special and Line Drawing Set: '<ESC>(0'
CSI Character Attributes-Normal: '<ESC>[0m'
text Dec Special 1-Vertical line: 'x'
Designate G0 Character United States (USASCII): '<ESC>(B'
text USASCII: '   q  Quit program'
CSI Cursor to Column 80: '<ESC>[80G'
Designate G0 Character Dec Special and Line Drawing Set: '<ESC>(0'
CSI Character Attributes-Normal: '<ESC>[0m'
text Dec Special 1-Vertical line: 'x'
Designate G0 Character United States (USASCII): '<ESC>(B'
CSI Position Cursor to row 18,Col 1]: '<ESC>[18;1H'
Designate G0 Character Dec Special and Line Drawing Set: '<ESC>(0'
CSI Character Attributes-Normal: '<ESC>[0m'
text Dec Special 1-Vertical line: 'x'
Designate G0 Character United States (USASCII): '<ESC>(B'
CSI Cursor to Column 80: '<ESC>[80G'
Designate G0 Character Dec Special and Line Drawing Set: '<ESC>(0'
CSI Character Attributes-Normal: '<ESC>[0m'
text Dec Special 1-Vertical line: 'x'
Designate G0 Character United States (USASCII): '<ESC>(B'
CSI Position Cursor to row 19,Col 1]: '<ESC>[19;1H'
Designate G0 Character Dec Special and Line Drawing Set: '<ESC>(0'
CSI Character Attributes-Normal: '<ESC>[0m'
text Dec Special 1-Vertical line: 'x'
Designate G0 Character United States (USASCII): '<ESC>(B'
CSI Cursor to Column 80: '<ESC>[80G'
Designate G0 Character Dec Special and Line Drawing Set: '<ESC>(0'
CSI Character Attributes-Normal: '<ESC>[0m'
text Dec Special 1-Vertical line: 'x'
Designate G0 Character United States (USASCII): '<ESC>(B'
CSI Position Cursor to row 20,Col 1]: '<ESC>[20;1H'
Designate G0 Character Dec Special and Line Drawing Set: '<ESC>(0'
CSI Character Attributes-Normal: '<ESC>[0m'
text Dec Special 1-Vertical line: 'x'
Designate G0 Character United States (USASCII): '<ESC>(B'
CSI Cursor to Column 80: '<ESC>[80G'
Designate G0 Character Dec Special and Line Drawing Set: '<ESC>(0'
CSI Character Attributes-Normal: '<ESC>[0m'
text Dec Special 1-Vertical line: 'x'
Designate G0 Character United States (USASCII): '<ESC>(B'
CSI Position Cursor to row 21,Col 1]: '<ESC>[21;1H'
Designate G0 Character Dec Special and Line Drawing Set: '<ESC>(0'
CSI Character Attributes-Normal: '<ESC>[0m'
text Dec Special 1-Vertical line: 'x'
Designate G0 Character United States (USASCII): '<ESC>(B'
CSI Cursor to Column 80: '<ESC>[80G'
Designate G0 Character Dec Special and Line Drawing Set: '<ESC>(0'
CSI Character Attributes-Normal: '<ESC>[0m'
text Dec Special 1-Vertical line: 'x'
Designate G0 Character United States (USASCII): '<ESC>(B'
CSI Position Cursor to row 22,Col 1]: '<ESC>[22;1H'
Designate G0 Character Dec Special and Line Drawing Set: '<ESC>(0'
CSI Character Attributes-Normal: '<ESC>[0m'
text Dec Special 1-right pointing tee 78-Horizontal line: 'tqqqqqqqqqqqqqqqqqqqqqqqqqqqqqqqqqqqqqqqqqqqqqqqqqqqqqqqqqqqqqqqqqqqqqqqqqqqqqq'
text Dec Special, 1-left pointing tee: 'u'
Designate G0 Character United States (USASCII): '<ESC>(B'
CSI Position Cursor to row 23,Col 1]: '<ESC>[23;1H'
Designate G0 Character Dec Special and Line Drawing Set: '<ESC>(0'
CSI Character Attributes-Normal: '<ESC>[0m'
text Dec Special 1-Vertical line: 'x'
Designate G0 Character United States (USASCII): '<ESC>(B'
text USASCII: ' LifeLines -- Main Menu'
CSI Cursor to Column 80: '<ESC>[80G'
Designate G0 Character Dec Special and Line Drawing Set: '<ESC>(0'
CSI Character Attributes-Normal: '<ESC>[0m'
text Dec Special 1-Vertical line: 'x'
Designate G0 Character United States (USASCII): '<ESC>(B'
CSI Position Cursor to row 24,Col 1]: '<ESC>[24;1H'
Designate G0 Character Dec Special and Line Drawing Set: '<ESC>(0'
CSI Character Attributes-Normal: '<ESC>[0m'
text Dec Special 1-ll corner 78-Horizontal line: 'mqqqqqqqqqqqqqqqqqqqqqqqqqqqqqqqqqqqqqqqqqqqqqqqqqqqqqqqqqqqqqqqqqqqqqqqqqqqqqq'
CSI Dec Private Mode Reset No Wraparound Mode: '<ESC>[?7l'
text Dec Special 1-lr corner: 'j'
CSI Set Wraparound Mode: '<ESC>[?7h'
Designate G0 Character United States (USASCII): '<ESC>(B'
CSI Position Cursor to row 23,Col 25]: '<ESC>[23;25H'
Designate G0 Character Dec Special and Line Drawing Set: '<ESC>(0'
CSI Character Attributes-Normal: '<ESC>[0m'
Designate G0 Character United States (USASCII): '<ESC>(B'
CSI Dec Private Mode Reset Stop Blinking Cursor: '<ESC>[?12l'
CSI Set Show Cursor: '<ESC>[?25h'
CSI Position Cursor to row 6,Col 31]: '<ESC>[6;31H'
CSI Set Application Cursor Keys: '<ESC>[?1h'
Application Keypad: '<ESC>='
CSI Position Cursor to row 23,Col 25]: '<ESC>[23;25H'
CSI Position Cursor to row 6,Col 31]: '<ESC>[6;31H'
CSI Position Cursor to row 23,Col 25]: '<ESC>[23;25H'
CSI Position Cursor to row 6,Col 31]: '<ESC>[6;31H'
CSI Set Application Cursor Keys: '<ESC>[?1h'
Application Keypad: '<ESC>='
CSI Position Cursor to row 23,Col 25]: '<ESC>[23;25H'
CSI Position Cursor to row 6,Col 31]: '<ESC>[6;31H'
CSI Position Cursor to row 24,Col 1]: '<ESC>[24;1H'
CSI Use Normal Screen Buffer and restore cursor: '<ESC>[?1049l'
CSI Window manipulation invalid command: '<ESC>[23;0;0t'
C0 Control Character (Ctrl-M) Carriage Return: '<CR>'
CSI Dec Private Mode Reset Normal Cursor Keys: '<ESC>[?1l'
Normal Keypad: '<ESC>>'
