CSI Set Save cursor and use Alternate Screen Buffer: '<ESC>[?1049h'
CSI Window manipulation invalid command: '<ESC>[22;0;0t'
CSI Dec Private Mode Restore Normal Cursor Keys: '<ESC>[1;24r'
Designate G0 Character United States (USASCII): '<ESC>(B'
CSI Character Attributes-Normal: '<ESC>[m'
CSI Dec Private Mode Reset Jump (fast) Scroll: '<ESC>[4l'
CSI Set Wraparound Mode: '<ESC>[?7h'
CSI Set Application Cursor Keys: '<ESC>[?1h'
Application Keypad: '<ESC>='
CSI Position Cursor to row 1,Col 1]: '<ESC>[H'
CSI Erase Display All: '<ESC>[2J'
CSI Position Cursor to row 10,Col 4]: '<ESC>[10;4H'
Designate G0 Character Dec Special and Line Drawing Set: '<ESC>(0'
CSI Character Attributes-Normal: '<ESC>[0m'
text Dec Special 1-ul corner 71-Horizontal line: 'lqqqqqqqqqqqqqqqqqqqqqqqqqqqqqqqqqqqqqqqqqqqqqqqqqqqqqqqqqqqqqqqqqqqqqqq'
text Dec Special, 1-ur corner: 'k'
Designate G0 Character United States (USASCII): '<ESC>(B'
C0 Control Character (Ctrl-M) Carriage Return: '<CR>'
text USASCII: '<LF>'
text USASCII: '   '
Designate G0 Character Dec Special and Line Drawing Set: '<ESC>(0'
CSI Character Attributes-Normal: '<ESC>[0m'
text Dec Special 1-Vertical line: 'x'
Designate G0 Character United States (USASCII): '<ESC>(B'
text USASCII: ' No LifeLines database found.'
CSI Cursor to Column 76: '<ESC>[76G'
Designate G0 Character Dec Special and Line Drawing Set: '<ESC>(0'
CSI Character Attributes-Normal: '<ESC>[0m'
text Dec Special 1-Vertical line: 'x'
Designate G0 Character United States (USASCII): '<ESC>(B'
C0 Control Character (Ctrl-M) Carriage Return: '<CR>'
text USASCII: '<LF>'
text USASCII: '   '
Designate G0 Character Dec Special and Line Drawing Set: '<ESC>(0'
CSI Character Attributes-Normal: '<ESC>[0m'
text Dec Special 1-Vertical line: 'x'
Designate G0 Character United States (USASCII): '<ESC>(B'
text USASCII: ' Do you want to create a database at './testdb'?'
CSI Cursor to Column 76: '<ESC>[76G'
Designate G0 Character Dec Special and Line Drawing Set: '<ESC>(0'
CSI Character Attributes-Normal: '<ESC>[0m'
text Dec Special 1-Vertical line: 'x'
Designate G0 Character United States (USASCII): '<ESC>(B'
C0 Control Character (Ctrl-M) Carriage Return: '<CR>'
text USASCII: '<LF>'
text USASCII: '   '
Designate G0 Character Dec Special and Line Drawing Set: '<ESC>(0'
CSI Character Attributes-Normal: '<ESC>[0m'
text Dec Special 1-Vertical line: 'x'
Designate G0 Character United States (USASCII): '<ESC>(B'
text USASCII: ' enter y (yes) or n (no):'
CSI Cursor to Column 76: '<ESC>[76G'
Designate G0 Character Dec Special and Line Drawing Set: '<ESC>(0'
CSI Character Attributes-Normal: '<ESC>[0m'
text Dec Special 1-Vertical line: 'x'
Designate G0 Character United States (USASCII): '<ESC>(B'
C0 Control Character (Ctrl-M) Carriage Return: '<CR>'
text USASCII: '<LF>'
text USASCII: '   '
Designate G0 Character Dec Special and Line Drawing Set: '<ESC>(0'
CSI Character Attributes-Normal: '<ESC>[0m'
text Dec Special 1-ll corner 71-Horizontal line: 'mqqqqqqqqqqqqqqqqqqqqqqqqqqqqqqqqqqqqqqqqqqqqqqqqqqqqqqqqqqqqqqqqqqqqqqq'
text Dec Special, 1-lr corner: 'j'
Designate G0 Character United States (USASCII): '<ESC>(B'
CSI Position Cursor to row 13,Col 31]: '<ESC>[13;31H'
Designate G0 Character Dec Special and Line Drawing Set: '<ESC>(0'
CSI Character Attributes-Normal: '<ESC>[0m'
Designate G0 Character United States (USASCII): '<ESC>(B'
CSI Set Application Cursor Keys: '<ESC>[?1h'
Application Keypad: '<ESC>='
CSI Position Cursor to row 1,Col 1]: '<ESC>[H'
CSI Erase Display All: '<ESC>[2J'
Designate G0 Character Dec Special and Line Drawing Set: '<ESC>(0'
CSI Character Attributes-Normal: '<ESC>[0m'
text Dec Special 1-ul corner 78-Horizontal line: 'lqqqqqqqqqqqqqqqqqqqqqqqqqqqqqqqqqqqqqqqqqqqqqqqqqqqqqqqqqqqqqqqqqqqqqqqqqqqqqq'
text Dec Special, 1-ur corner: 'k'
Designate G0 Character United States (USASCII): '<ESC>(B'
CSI Position Cursor to row 2,Col 1]: '<ESC>[2;1H'
Designate G0 Character Dec Special and Line Drawing Set: '<ESC>(0'
CSI Character Attributes-Normal: '<ESC>[0m'
text Dec Special 1-Vertical line: 'x'
Designate G0 Character United States (USASCII): '<ESC>(B'
text USASCII: ' LifeLines 3.2.0 (alpha) - Genealogical DB and Programming System'
CSI Cursor to Column 80: '<ESC>[80G'
Designate G0 Character Dec Special and Line Drawing Set: '<ESC>(0'
CSI Character Attributes-Normal: '<ESC>[0m'
text Dec Special 1-Vertical line: 'x'
Designate G0 Character United States (USASCII): '<ESC>(B'
CSI Position Cursor to row 3,Col 1]: '<ESC>[3;1H'
Designate G0 Character Dec Special and Line Drawing Set: '<ESC>(0'
CSI Character Attributes-Normal: '<ESC>[0m'
text Dec Special 1-Vertical line: 'x'
Designate G0 Character United States (USASCII): '<ESC>(B'
text USASCII: '   Copyright(c) 1991 to 1996, by T. T. Wetmore IV'
CSI Cursor to Column 80: '<ESC>[80G'
Designate G0 Character Dec Special and Line Drawing Set: '<ESC>(0'
CSI Character Attributes-Normal: '<ESC>[0m'
text Dec Special 1-Vertical line: 'x'
Designate G0 Character United States (USASCII): '<ESC>(B'
CSI Position Cursor to row 4,Col 1]: '<ESC>[4;1H'
Designate G0 Character Dec Special and Line Drawing Set: '<ESC>(0'
CSI Character Attributes-Normal: '<ESC>[0m'
text Dec Special 1-Vertical line: 'x'
Designate G0 Character United States (USASCII): '<ESC>(B'
text USASCII: '   Current Database - ./testdb'
CSI Cursor to Column 80: '<ESC>[80G'
Designate G0 Character Dec Special and Line Drawing Set: '<ESC>(0'
CSI Character Attributes-Normal: '<ESC>[0m'
text Dec Special 1-Vertical line: 'x'
Designate G0 Character United States (USASCII): '<ESC>(B'
CSI Position Cursor to row 5,Col 1]: '<ESC>[5;1H'
Designate G0 Character Dec Special and Line Drawing Set: '<ESC>(0'
CSI Character Attributes-Normal: '<ESC>[0m'
text Dec Special 1-right pointing tee 78-Horizontal line: 'tqqqqqqqqqqqqqqqqqqqqqqqqqqqqqqqqqqqqqqqqqqqqqqqqqqqqqqqqqqqqqqqqqqqqqqqqqqqqqq'
text Dec Special, 1-left pointing tee: 'u'
Designate G0 Character United States (USASCII): '<ESC>(B'
CSI Position Cursor to row 6,Col 1]: '<ESC>[6;1H'
Designate G0 Character Dec Special and Line Drawing Set: '<ESC>(0'
CSI Character Attributes-Normal: '<ESC>[0m'
text Dec Special 1-Vertical line: 'x'
Designate G0 Character United States (USASCII): '<ESC>(B'
text USASCII: ' Please choose an operation:'
CSI Cursor to Column 80: '<ESC>[80G'
Designate G0 Character Dec Special and Line Drawing Set: '<ESC>(0'
CSI Character Attributes-Normal: '<ESC>[0m'
text Dec Special 1-Vertical line: 'x'
Designate G0 Character United States (USASCII): '<ESC>(B'
CSI Position Cursor to row 7,Col 1]: '<ESC>[7;1H'
Designate G0 Character Dec Special and Line Drawing Set: '<ESC>(0'
CSI Character Attributes-Normal: '<ESC>[0m'
text Dec Special 1-Vertical line: 'x'
Designate G0 Character United States (USASCII): '<ESC>(B'
text USASCII: '   b  Browse the persons in the database'
CSI Cursor to Column 80: '<ESC>[80G'
Designate G0 Character Dec Special and Line Drawing Set: '<ESC>(0'
CSI Character Attributes-Normal: '<ESC>[0m'
text Dec Special 1-Vertical line: 'x'
Designate G0 Character United States (USASCII): '<ESC>(B'
CSI Position Cursor to row 8,Col 1]: '<ESC>[8;1H'
Designate G0 Character Dec Special and Line Drawing Set: '<ESC>(0'
CSI Character Attributes-Normal: '<ESC>[0m'
text Dec Special 1-Vertical line: 'x'
Designate G0 Character United States (USASCII): '<ESC>(B'
text USASCII: '   s  Search database'
CSI Cursor to Column 80: '<ESC>[80G'
Designate G0 Character Dec Special and Line Drawing Set: '<ESC>(0'
CSI Character Attributes-Normal: '<ESC>[0m'
text Dec Special 1-Vertical line: 'x'
Designate G0 Character United States (USASCII): '<ESC>(B'
CSI Position Cursor to row 9,Col 1]: '<ESC>[9;1H'
Designate G0 Character Dec Special and Line Drawing Set: '<ESC>(0'
CSI Character Attributes-Normal: '<ESC>[0m'
text Dec Special 1-Vertical line: 'x'
Designate G0 Character United States (USASCII): '<ESC>(B'
text USASCII: '   a  Add information to the database'
CSI Cursor to Column 80: '<ESC>[80G'
Designate G0 Character Dec Special and Line Drawing Set: '<ESC>(0'
CSI Character Attributes-Normal: '<ESC>[0m'
text Dec Special 1-Vertical line: 'x'
Designate G0 Character United States (USASCII): '<ESC>(B'
CSI Position Cursor to row 10,Col 1]: '<ESC>[10;1H'
Designate G0 Character Dec Special and Line Drawing Set: '<ESC>(0'
CSI Character Attributes-Normal: '<ESC>[0m'
text Dec Special 1-Vertical line: 'x'
Designate G0 Character United States (USASCII): '<ESC>(B'
text USASCII: '   d  Delete information from the database'
CSI Cursor to Column 80: '<ESC>[80G'
Designate G0 Character Dec Special and Line Drawing Set: '<ESC>(0'
CSI Character Attributes-Normal: '<ESC>[0m'
text Dec Special 1-Vertical line: 'x'
Designate G0 Character United States (USASCII): '<ESC>(B'
CSI Position Cursor to row 11,Col 1]: '<ESC>[11;1H'
Designate G0 Character Dec Special and Line Drawing Set: '<ESC>(0'
CSI Character Attributes-Normal: '<ESC>[0m'
text Dec Special 1-Vertical line: 'x'
Designate G0 Character United States (USASCII): '<ESC>(B'
text USASCII: '   p  Pick a report from list and run'
CSI Cursor to Column 80: '<ESC>[80G'
Designate G0 Character Dec Special and Line Drawing Set: '<ESC>(0'
CSI Character Attributes-Normal: '<ESC>[0m'
text Dec Special 1-Vertical line: 'x'
Designate G0 Character United States (USASCII): '<ESC>(B'
CSI Position Cursor to row 12,Col 1]: '<ESC>[12;1H'
Designate G0 Character Dec Special and Line Drawing Set: '<ESC>(0'
CSI Character Attributes-Normal: '<ESC>[0m'
text Dec Special 1-Vertical line: 'x'
Designate G0 Character United States (USASCII): '<ESC>(B'
text USASCII: '   r  Generate report by entering report name'
CSI Cursor to Column 80: '<ESC>[80G'
Designate G0 Character Dec Special and Line Drawing Set: '<ESC>(0'
CSI Character Attributes-Normal: '<ESC>[0m'
text Dec Special 1-Vertical line: 'x'
Designate G0 Character United States (USASCII): '<ESC>(B'
CSI Position Cursor to row 13,Col 1]: '<ESC>[13;1H'
Designate G0 Character Dec Special and Line Drawing Set: '<ESC>(0'
CSI Character Attributes-Normal: '<ESC>[0m'
text Dec Special 1-Vertical line: 'x'
Designate G0 Character United States (USASCII): '<ESC>(B'
text USASCII: '   t  Modify character translation tables'
CSI Cursor to Column 80: '<ESC>[80G'
Designate G0 Character Dec Special and Line Drawing Set: '<ESC>(0'
CSI Character Attributes-Normal: '<ESC>[0m'
text Dec Special 1-Vertical line: 'x'
Designate G0 Character United States (USASCII): '<ESC>(B'
CSI Position Cursor to row 14,Col 1]: '<ESC>[14;1H'
Designate G0 Character Dec Special and Line Drawing Set: '<ESC>(0'
CSI Character Attributes-Normal: '<ESC>[0m'
text Dec Special 1-Vertical line: 'x'
Designate G0 Character United States (USASCII): '<ESC>(B'
text USASCII: '   u  Miscellaneous utilities'
CSI Cursor to Column 80: '<ESC>[80G'
Designate G0 Character Dec Special and Line Drawing Set: '<ESC>(0'
CSI Character Attributes-Normal: '<ESC>[0m'
text Dec Special 1-Vertical line: 'x'
Designate G0 Character United States (USASCII): '<ESC>(B'
CSI Position Cursor to row 15,Col 1]: '<ESC>[15;1H'
Designate G0 Character Dec Special and Line Drawing Set: '<ESC>(0'
CSI Character Attributes-Normal: '<ESC>[0m'
text Dec Special 1-Vertical line: 'x'
Designate G0 Character United States (USASCII): '<ESC>(B'
text USASCII: '   x  Handle source, event and other records'
CSI Cursor to Column 80: '<ESC>[80G'
Designate G0 Character Dec Special and Line Drawing Set: '<ESC>(0'
CSI Character Attributes-Normal: '<ESC>[0m'
text Dec Special 1-Vertical line: 'x'
Designate G0 Character United States (USASCII): '<ESC>(B'
CSI Position Cursor to row 16,Col 1]: '<ESC>[16;1H'
Designate G0 Character Dec Special and Line Drawing Set: '<ESC>(0'
CSI Character Attributes-Normal: '<ESC>[0m'
text Dec Special 1-Vertical line: 'x'
Designate G0 Character United States (USASCII): '<ESC>(B'
text USASCII: '   Q  Quit current database'
CSI Cursor to Column 80: '<ESC>[80G'
Designate G0 Character Dec Special and Line Drawing Set: '<ESC>(0'
CSI Character Attributes-Normal: '<ESC>[0m'
text Dec Special 1-Vertical line: 'x'
Designate G0 Character United States (USASCII): '<ESC>(B'
CSI Position Cursor to row 17,Col 1]: '<ESC>[17;1H'
Designate G0 Character Dec Special and Line Drawing Set: '<ESC>(0'
CSI Character Attributes-Normal: '<ESC>[0m'
text Dec Special 1-Vertical line: 'x'
Designate G0 Character United States (USASCII): '<ESC>(B'
text USASCII: '   q  Quit program'
CSI Cursor to Column 80: '<ESC>[80G'
Designate G0 Character Dec Special and Line Drawing Set: '<ESC>(0'
CSI Character Attributes-Normal: '<ESC>[0m'
text Dec Special 1-Vertical line: 'x'
Designate G0 Character United States (USASCII): '<ESC>(B'
CSI Position Cursor to row 18,Col 1]: '<ESC>[18;1H'
Designate G0 Character Dec Special and Line Drawing Set: '<ESC>(0'
CSI Character Attributes-Normal: '<ESC>[0m'
text Dec Special 1-Vertical line: 'x'
Designate G0 Character United States (USASCII): '<ESC>(B'
CSI Cursor to Column 80: '<ESC>[80G'
Designate G0 Character Dec Special and Line Drawing Set: '<ESC>(0'
CSI Character Attributes-Normal: '<ESC>[0m'
text Dec Special 1-Vertical line: 'x'
Designate G0 Character United States (USASCII): '<ESC>(B'
CSI Position Cursor to row 19,Col 1]: '<ESC>[19;1H'
Designate G0 Character Dec Special and Line Drawing Set: '<ESC>(0'
CSI Character Attributes-Normal: '<ESC>[0m'
text Dec Special 1-Vertical line: 'x'
Designate G0 Character United States (USASCII): '<ESC>(B'
CSI Cursor to Column 80: '<ESC>[80G'
Designate G0 Character Dec Special and Line Drawing Set: '<ESC>(0'
CSI Character Attributes-Normal: '<ESC>[0m'
text Dec Special 1-Vertical line: 'x'
Designate G0 Character United States (USASCII): '<ESC>(B'
CSI Position Cursor to row 20,Col 1]: '<ESC>[20;1H'
Designate G0 Character Dec Special and Line Drawing Set: '<ESC>(0'
CSI Character Attributes-Normal: '<ESC>[0m'
text Dec Special 1-Vertical line: 'x'
Designate G0 Character United States (USASCII): '<ESC>(B'
CSI Cursor to Column 80: '<ESC>[80G'
Designate G0 Character Dec Special and Line Drawing Set: '<ESC>(0'
CSI Character Attributes-Normal: '<ESC>[0m'
text Dec Special 1-Vertical line: 'x'
Designate G0 Character United States (USASCII): '<ESC>(B'
CSI Position Cursor to row 21,Col 1]: '<ESC>[21;1H'
Designate G0 Character Dec Special and Line Drawing Set: '<ESC>(0'
CSI Character Attributes-Normal: '<ESC>[0m'
text Dec Special 1-Vertical line: 'x'
Designate G0 Character United States (USASCII): '<ESC>(B'
CSI Cursor to Column 80: '<ESC>[80G'
Designate G0 Character Dec Special and Line Drawing Set: '<ESC>(0'
CSI Character Attributes-Normal: '<ESC>[0m'
text Dec Special 1-Vertical line: 'x'
Designate G0 Character United States (USASCII): '<ESC>(B'
CSI Position Cursor to row 22,Col 1]: '<ESC>[22;1H'
Designate G0 Character Dec Special and Line Drawing Set: '<ESC>(0'
CSI Character Attributes-Normal: '<ESC>[0m'
text Dec Special 1-right pointing tee 78-Horizontal line: 'tqqqqqqqqqqqqqqqqqqqqqqqqqqqqqqqqqqqqqqqqqqqqqqqqqqqqqqqqqqqqqqqqqqqqqqqqqqqqqq'
text Dec Special, 1-left pointing tee: 'u'
Designate G0 Character United States (USASCII): '<ESC>(B'
CSI Position Cursor to row 23,Col 1]: '<ESC>[23;1H'
Designate G0 Character Dec Special and Line Drawing Set: '<ESC>(0'
CSI Character Attributes-Normal: '<ESC>[0m'
text Dec Special 1-Vertical line: 'x'
Designate G0 Character United States (USASCII): '<ESC>(B'
text USASCII: ' LifeLines -- Main Menu'
CSI Cursor to Column 80: '<ESC>[80G'
Designate G0 Character Dec Special and Line Drawing Set: '<ESC>(0'
CSI Character Attributes-Normal: '<ESC>[0m'
text Dec Special 1-Vertical line: 'x'
Designate G0 Character United States (USASCII): '<ESC>(B'
CSI Position Cursor to row 24,Col 1]: '<ESC>[24;1H'
Designate G0 Character Dec Special and Line Drawing Set: '<ESC>(0'
CSI Character Attributes-Normal: '<ESC>[0m'
text Dec Special 1-ll corner 78-Horizontal line: 'mqqqqqqqqqqqqqqqqqqqqqqqqqqqqqqqqqqqqqqqqqqqqqqqqqqqqqqqqqqqqqqqqqqqqqqqqqqqqqq'
CSI Dec Private Mode Reset No Wraparound Mode: '<ESC>[?7l'
text Dec Special 1-lr corner: 'j'
CSI Set Wraparound Mode: '<ESC>[?7h'
Designate G0 Character United States (USASCII): '<ESC>(B'
CSI Position Cursor to row 23,Col 25]: '<ESC>[23;25H'
Designate G0 Character Dec Special and Line Drawing Set: '<ESC>(0'
CSI Character Attributes-Normal: '<ESC>[0m'
Designate G0 Character United States (USASCII): '<ESC>(B'
CSI Dec Private Mode Reset Stop Blinking Cursor: '<ESC>[?12l'
CSI Set Show Cursor: '<ESC>[?25h'
CSI Position Cursor to row 6,Col 31]: '<ESC>[6;31H'
CSI Set Application Cursor Keys: '<ESC>[?1h'
Application Keypad: '<ESC>='
CSI Position Cursor to row 23,Col 25]: '<ESC>[23;25H'
CSI Position Cursor to row 6,Col 31]: '<ESC>[6;31H'
CSI Position Cursor to row 23,Col 25]: '<ESC>[23;25H'
CSI Position Cursor to row 6,Col 31]: '<ESC>[6;31H'
CSI Set Application Cursor Keys: '<ESC>[?1h'
Application Keypad: '<ESC>='
CSI Set Application Cursor Keys: '<ESC>[?1h'
Application Keypad: '<ESC>='
CSI Position Cursor to row 23,Col 25]: '<ESC>[23;25H'
CSI Position Cursor to row 6,Col 31]: '<ESC>[6;31H'
CSI Cursor to Column 8: '<ESC>[8G'
Designate G0 Character Dec Special and Line Drawing Set: '<ESC>(0'
CSI Character Attributes-Normal: '<ESC>[0m'
text Dec Special 1-ul corner 64-Horizontal line: 'lqqqqqqqqqqqqqqqqqqqqqqqqqqqqqqqqqqqqqqqqqqqqqqqqqqqqqqqqqqqqqqqq'
text Dec Special, 1-ur corner: 'k'
Designate G0 Character United States (USASCII): '<ESC>(B'
text USASCII: '<LF>'
CSI Cursor to Column 8: '<ESC>[8G'
Designate G0 Character Dec Special and Line Drawing Set: '<ESC>(0'
CSI Character Attributes-Normal: '<ESC>[0m'
text Dec Special 1-Vertical line: 'x'
Designate G0 Character United States (USASCII): '<ESC>(B'
text USASCII: ' What utility do you want to perform?<TAB><TAB><TAB><TAB>'
Designate G0 Character Dec Special and Line Drawing Set: '<ESC>(0'
CSI Character Attributes-Normal: '<ESC>[0m'
text Dec Special 1-Vertical line: 'x'
Designate G0 Character United States (USASCII): '<ESC>(B'
text USASCII: '<LF>'
CSI Cursor to Column 8: '<ESC>[8G'
Designate G0 Character Dec Special and Line Drawing Set: '<ESC>(0'
CSI Character Attributes-Normal: '<ESC>[0m'
text Dec Special 1-Vertical line: 'x'
Designate G0 Character United States (USASCII): '<ESC>(B'
text USASCII: '   s  Save the database in a GEDCOM file<TAB><TAB><TAB>'
Designate G0 Character Dec Special and Line Drawing Set: '<ESC>(0'
CSI Character Attributes-Normal: '<ESC>[0m'
text Dec Special 1-Vertical line: 'x'
Designate G0 Character United States (USASCII): '<ESC>(B'
text USASCII: '<LF>'
CSI Cursor to Column 8: '<ESC>[8G'
Designate G0 Character Dec Special and Line Drawing Set: '<ESC>(0'
CSI Character Attributes-Normal: '<ESC>[0m'
text Dec Special 1-Vertical line: 'x'
Designate G0 Character United States (USASCII): '<ESC>(B'
text USASCII: '   r  Read in data from a GEDCOM file<TAB><TAB><TAB><TAB>'
Designate G0 Character Dec Special and Line Drawing Set: '<ESC>(0'
CSI Character Attributes-Normal: '<ESC>[0m'
text Dec Special 1-Vertical line: 'x'
Designate G0 Character United States (USASCII): '<ESC>(B'
text USASCII: '<LF>'
CSI Cursor to Column 8: '<ESC>[8G'
Designate G0 Character Dec Special and Line Drawing Set: '<ESC>(0'
CSI Character Attributes-Normal: '<ESC>[0m'
text Dec Special 1-Vertical line: 'x'
Designate G0 Character United States (USASCII): '<ESC>(B'
text USASCII: '   R  Pick a GEDCOM file and read in<TAB><TAB><TAB><TAB>'
Designate G0 Character Dec Special and Line Drawing Set: '<ESC>(0'
CSI Character Attributes-Normal: '<ESC>[0m'
text Dec Special 1-Vertical line: 'x'
Designate G0 Character United States (USASCII): '<ESC>(B'
text USASCII: '<LF>'
CSI Cursor to Column 8: '<ESC>[8G'
Designate G0 Character Dec Special and Line Drawing Set: '<ESC>(0'
CSI Character Attributes-Normal: '<ESC>[0m'
text Dec Special 1-Vertical line: 'x'
Designate G0 Character United States (USASCII): '<ESC>(B'
text USASCII: '   k  Find a person's key value'
CSI Cursor to Column 73: '<ESC>[73G'
Designate G0 Character Dec Special and Line Drawing Set: '<ESC>(0'
CSI Character Attributes-Normal: '<ESC>[0m'
text Dec Special 1-Vertical line: 'x'
Designate G0 Character United States (USASCII): '<ESC>(B'
text USASCII: '<LF>'
CSI Cursor to Column 8: '<ESC>[8G'
Designate G0 Character Dec Special and Line Drawing Set: '<ESC>(0'
CSI Character Attributes-Normal: '<ESC>[0m'
text Dec Special 1-Vertical line: 'x'
Designate G0 Character United States (USASCII): '<ESC>(B'
text USASCII: '   i  Identify a person from key valu<TAB><TAB><TAB><TAB>'
Designate G0 Character Dec Special and Line Drawing Set: '<ESC>(0'
CSI Character Attributes-Normal: '<ESC>[0m'
text Dec Special 1-Vertical line: 'x'
Designate G0 Character United States (USASCII): '<ESC>(B'
text USASCII: '<LF>'
CSI Cursor to Column 8: '<ESC>[8G'
Designate G0 Character Dec Special and Line Drawing Set: '<ESC>(0'
CSI Character Attributes-Normal: '<ESC>[0m'
text Dec Special 1-Vertical line: 'x'
Designate G0 Character United States (USASCII): '<ESC>(B'
text USASCII: '   d  Show database statistics    <TAB><TAB><TAB><TAB>'
Designate G0 Character Dec Special and Line Drawing Set: '<ESC>(0'
CSI Character Attributes-Normal: '<ESC>[0m'
text Dec Special 1-Vertical line: 'x'
Designate G0 Character United States (USASCII): '<ESC>(B'
text USASCII: '<LF>'
CSI Cursor to Column 8: '<ESC>[8G'
Designate G0 Character Dec Special and Line Drawing Set: '<ESC>(0'
CSI Character Attributes-Normal: '<ESC>[0m'
text Dec Special 1-Vertical line: 'x'
Designate G0 Character United States (USASCII): '<ESC>(B'
text USASCII: '   m  Show memory statistics'
CSI Cursor to Column 73: '<ESC>[73G'
Designate G0 Character Dec Special and Line Drawing Set: '<ESC>(0'
CSI Character Attributes-Normal: '<ESC>[0m'
text Dec Special 1-Vertical line: 'x'
Designate G0 Character United States (USASCII): '<ESC>(B'
text USASCII: '<LF>'
CSI Cursor to Column 8: '<ESC>[8G'
Designate G0 Character Dec Special and Line Drawing Set: '<ESC>(0'
CSI Character Attributes-Normal: '<ESC>[0m'
text Dec Special 1-Vertical line: 'x'
Designate G0 Character United States (USASCII): '<ESC>(B'
text USASCII: '   e  Edit the place abbreviation file<TAB><TAB><TAB><TAB>'
Designate G0 Character Dec Special and Line Drawing Set: '<ESC>(0'
CSI Character Attributes-Normal: '<ESC>[0m'
text Dec Special 1-Vertical line: 'x'
Designate G0 Character United States (USASCII): '<ESC>(B'
text USASCII: '<LF>'
CSI Cursor to Column 8: '<ESC>[8G'
Designate G0 Character Dec Special and Line Drawing Set: '<ESC>(0'
CSI Character Attributes-Normal: '<ESC>[0m'
text Dec Special 1-Vertical line: 'x'
Designate G0 Character United States (USASCII): '<ESC>(B'
text USASCII: '   o  Edit the user options file<TAB><TAB><TAB><TAB>'
Designate G0 Character Dec Special and Line Drawing Set: '<ESC>(0'
CSI Character Attributes-Normal: '<ESC>[0m'
text Dec Special 1-Vertical line: 'x'
Designate G0 Character United States (USASCII): '<ESC>(B'
text USASCII: '<LF>'
CSI Cursor to Column 8: '<ESC>[8G'
Designate G0 Character Dec Special and Line Drawing Set: '<ESC>(0'
CSI Character Attributes-Normal: '<ESC>[0m'
text Dec Special 1-Vertical line: 'x'
Designate G0 Character United States (USASCII): '<ESC>(B'
text USASCII: '   c  Character set options'
CSI Cursor to Column 73: '<ESC>[73G'
Designate G0 Character Dec Special and Line Drawing Set: '<ESC>(0'
CSI Character Attributes-Normal: '<ESC>[0m'
text Dec Special 1-Vertical line: 'x'
Designate G0 Character United States (USASCII): '<ESC>(B'
text USASCII: '<LF>'
CSI Cursor to Column 8: '<ESC>[8G'
Designate G0 Character Dec Special and Line Drawing Set: '<ESC>(0'
CSI Character Attributes-Normal: '<ESC>[0m'
text Dec Special 1-Vertical line: 'x'
Designate G0 Character United States (USASCII): '<ESC>(B'
text USASCII: '   q  Return to main menu'
CSI Cursor to Column 73: '<ESC>[73G'
Designate G0 Character Dec Special and Line Drawing Set: '<ESC>(0'
CSI Character Attributes-Normal: '<ESC>[0m'
text Dec Special 1-Vertical line: 'x'
Designate G0 Character United States (USASCII): '<ESC>(B'
text USASCII: '<LF>'
CSI Cursor to Column 8: '<ESC>[8G'
Designate G0 Character Dec Special and Line Drawing Set: '<ESC>(0'
CSI Character Attributes-Normal: '<ESC>[0m'
text Dec Special 1-ll corner 64-Horizontal line: 'mqqqqqqqqqqqqqqqqqqqqqqqqqqqqqqqqqqqqqqqqqqqqqqqqqqqqqqqqqqqqqqqq'
text Dec Special, 1-lr corner: 'j'
Designate G0 Character United States (USASCII): '<ESC>(B'
CSI Position Cursor to row 18,Col 34]: '<ESC>[18;34H'
Designate G0 Character Dec Special and Line Drawing Set: '<ESC>(0'
CSI Character Attributes-Normal: '<ESC>[0m'
Designate G0 Character United States (USASCII): '<ESC>(B'
CSI Set Application Cursor Keys: '<ESC>[?1h'
Application Keypad: '<ESC>='
CSI Position Cursor to row 7,Col 47]: '<ESC>[7;47H'
CSI Position Cursor to row 6,Col 8]: '<ESC>[6;8H'
text USASCII: 'e choose an operation:'
CSI Erase 44 Character(s)(s): '<ESC>[44X'
text USASCII: '<LF>'
CSI Cursor to Column 8: '<ESC>[8G'
text USASCII: 'Browse the persons in the database    <TAB><TAB><TAB><TAB> <LF>'
CSI Cursor to Column 8: '<ESC>[8G'
text USASCII: 'Search database'
CSI Erase 26 Character(s)(s): '<ESC>[26X'
CSI Cursor to Column 73: '<ESC>[73G'
text USASCII: ' <LF>'
CSI Cursor to Column 8: '<ESC>[8G'
text USASCII: 'Add information to the database       <TAB><TAB><TAB><TAB> <LF>'
CSI Cursor to Column 8: '<ESC>[8G'
text USASCII: 'Delete information from the database <TAB><TAB><TAB><TAB> <LF>'
CSI Cursor to Column 8: '<ESC>[8G'
text USASCII: 'Pick a report from list and run '
CSI Cursor to Column 73: '<ESC>[73G'
text USASCII: ' <LF>'
CSI Cursor to Column 8: '<ESC>[8G'
text USASCII: 'Generate report by entering report nam<TAB><TAB><TAB><TAB> <LF>'
CSI Cursor to Column 8: '<ESC>[8G'
text USASCII: 'Modify character translation tables<TAB><TAB><TAB><TAB> <LF>'
CSI Cursor to Column 8: '<ESC>[8G'
text USASCII: 'Miscellaneous utilities      '
CSI Cursor to Column 73: '<ESC>[73G'
text USASCII: ' <LF>'
CSI Cursor to Column 8: '<ESC>[8G'
text USASCII: 'Handle source, event and other records <TAB><TAB><TAB><TAB> <LF>'
CSI Cursor to Column 8: '<ESC>[8G'
text USASCII: 'Quit current database            <TAB><TAB><TAB><TAB> <LF>'
CSI Cursor to Column 8: '<ESC>[8G'
text USASCII: 'Quit program'
CSI Erase 16 Character(s)(s): '<ESC>[16X'
CSI Cursor to Column 73: '<ESC>[73G'
text USASCII: ' <LF>'
CSI Cursor to Column 8: '<ESC>[8G'
CSI Erase 26 Character(s)(s): '<ESC>[26X'
CSI Cursor to Column 73: '<ESC>[73G'
text USASCII: ' <LF>'
CSI Cursor to Column 8: '<ESC>[8G'
CSI Erase 66 Character(s)(s): '<ESC>[66X'
CSI Position Cursor to row 6,Col 31]: '<ESC>[6;31H'
CSI Position Cursor to row 10,Col 4]: '<ESC>[10;4H'
Designate G0 Character Dec Special and Line Drawing Set: '<ESC>(0'
CSI Character Attributes-Normal: '<ESC>[0m'
text Dec Special 1-ul corner 71-Horizontal line: 'lqqqqqqqqqqqqqqqqqqqqqqqqqqqqqqqqqqqqqqqqqqqqqqqqqqqqqqqqqqqqqqqqqqqqqqq'
text Dec Special, 1-ur corner: 'k'
Designate G0 Character United States (USASCII): '<ESC>(B'
text USASCII: '<LF>'
CSI Cursor to Column 4: '<ESC>[4G'
Designate G0 Character Dec Special and Line Drawing Set: '<ESC>(0'
CSI Character Attributes-Normal: '<ESC>[0m'
text Dec Special 1-Vertical line: 'x'
Designate G0 Character United States (USASCII): '<ESC>(B'
text USASCII: 'Please enter the name of the GEDCOM file.'
CSI Cursor to Column 76: '<ESC>[76G'
Designate G0 Character Dec Special and Line Drawing Set: '<ESC>(0'
CSI Character Attributes-Normal: '<ESC>[0m'
text Dec Special 1-Vertical line: 'x'
Designate G0 Character United States (USASCII): '<ESC>(B'
text USASCII: '<LF>'
CSI Cursor to Column 4: '<ESC>[4G'
Designate G0 Character Dec Special and Line Drawing Set: '<ESC>(0'
CSI Character Attributes-Normal: '<ESC>[0m'
text Dec Special 1-Vertical line: 'x'
Designate G0 Character United States (USASCII): '<ESC>(B'
text USASCII: 'Default path: .'
CSI Erase 27 Character(s)(s): '<ESC>[27X'
CSI Cursor to Column 76: '<ESC>[76G'
Designate G0 Character Dec Special and Line Drawing Set: '<ESC>(0'
CSI Character Attributes-Normal: '<ESC>[0m'
text Dec Special 1-Vertical line: 'x'
Designate G0 Character United States (USASCII): '<ESC>(B'
text USASCII: '<LF>'
CSI Cursor to Column 4: '<ESC>[4G'
Designate G0 Character Dec Special and Line Drawing Set: '<ESC>(0'
CSI Character Attributes-Normal: '<ESC>[0m'
text Dec Special 1-Vertical line: 'x'
Designate G0 Character United States (USASCII): '<ESC>(B'
text USASCII: 'enter file name (*.ged)'
CSI Erase 15 Character(s)(s): '<ESC>[15X'
CSI Cursor to Column 76: '<ESC>[76G'
Designate G0 Character Dec Special and Line Drawing Set: '<ESC>(0'
CSI Character Attributes-Normal: '<ESC>[0m'
text Dec Special 1-Vertical line: 'x'
Designate G0 Character United States (USASCII): '<ESC>(B'
text USASCII: '<LF>'
CSI Cursor to Column 4: '<ESC>[4G'
Designate G0 Character Dec Special and Line Drawing Set: '<ESC>(0'
CSI Character Attributes-Normal: '<ESC>[0m'
text Dec Special 1-ll corner 71-Horizontal line: 'mqqqqqqqqqqqqqqqqqqqqqqqqqqqqqqqqqqqqqqqqqqqqqqqqqqqqqqqqqqqqqqqqqqqqqqq'
text Dec Special, 1-lr corner: 'j'
Designate G0 Character United States (USASCII): '<ESC>(B'
CSI Position Cursor to row 13,Col 28]: '<ESC>[13;28H'
Designate G0 Character Dec Special and Line Drawing Set: '<ESC>(0'
CSI Character Attributes-Normal: '<ESC>[0m'
Designate G0 Character United States (USASCII): '<ESC>(B'
CSI Position Cursor to row 6,Col 31]: '<ESC>[6;31H'
CSI Position Cursor to row 13,Col 28]: '<ESC>[13;28H'
text USASCII: ' TESTS/pedigree-longname/test1.ged<LF>'
CSI Cursor to Column 4: '<ESC>[4G'
CSI Line Position Absolutge [row] to 10, Col unchanged: '<ESC>[10d'
text USASCII: ' d  Delete information from the database'
CSI Erase 33 Character(s)(s): '<ESC>[33X'
text USASCII: '<LF>'
CSI Cursor to Column 4: '<ESC>[4G'
text USASCII: ' p  Pick a report from list and run       '
CSI Cursor to Column 76: '<ESC>[76G'
text USASCII: ' <LF>'
CSI Cursor to Column 4: '<ESC>[4G'
text USASCII: ' r  Generate report by entering report name'
CSI Cursor to Column 76: '<ESC>[76G'
text USASCII: ' <LF>'
CSI Cursor to Column 4: '<ESC>[4G'
text USASCII: ' t  Modify character translation tables'
CSI Erase 34 Character(s)(s): '<ESC>[34X'
text USASCII: '<LF>'
CSI Cursor to Column 4: '<ESC>[4G'
text USASCII: ' u  Miscellaneous utilities'
CSI Erase 46 Character(s)(s): '<ESC>[46X'
CSI Position Cursor to row 6,Col 31]: '<ESC>[6;31H'
CSI Position Cursor to row 3,Col 3]: '<ESC>[3;3H'
Designate G0 Character Dec Special and Line Drawing Set: '<ESC>(0'
CSI Character Attributes-Normal: '<ESC>[0m'
text Dec Special 1-ul corner 74-Horizontal line: 'lqqqqqqqqqqqqqqqqqqqqqqqqqqqqqqqqqqqqqqqqqqqqqqqqqqqqqqqqqqqqqqqqqqqqqqqqqq'
text Dec Special, 1-ur corner: 'k'
Designate G0 Character United States (USASCII): '<ESC>(B'
text USASCII: '<LF>'
CSI Cursor to Column 3: '<ESC>[3G'
Designate G0 Character Dec Special and Line Drawing Set: '<ESC>(0'
CSI Character Attributes-Normal: '<ESC>[0m'
text Dec Special 1-Vertical line: 'x'
Designate G0 Character United States (USASCII): '<ESC>(B'
CSI Erase 28 Character(s)(s): '<ESC>[28X'
CSI Cursor to Column 78: '<ESC>[78G'
Designate G0 Character Dec Special and Line Drawing Set: '<ESC>(0'
CSI Character Attributes-Normal: '<ESC>[0m'
text Dec Special 1-Vertical line: 'x'
Designate G0 Character United States (USASCII): '<ESC>(B'
text USASCII: '<LF>'
CSI Cursor to Column 3: '<ESC>[3G'
Designate G0 Character Dec Special and Line Drawing Set: '<ESC>(0'
CSI Character Attributes-Normal: '<ESC>[0m'
text Dec Special 1-Vertical line: 'x'
Designate G0 Character United States (USASCII): '<ESC>(B'
CSI Erase 74 Character(s)(s): '<ESC>[74X'
CSI Cursor to Column 78: '<ESC>[78G'
Designate G0 Character Dec Special and Line Drawing Set: '<ESC>(0'
CSI Character Attributes-Normal: '<ESC>[0m'
text Dec Special 1-Vertical line: 'x'
Designate G0 Character United States (USASCII): '<ESC>(B'
text USASCII: '<LF>'
CSI Cursor to Column 3: '<ESC>[3G'
Designate G0 Character Dec Special and Line Drawing Set: '<ESC>(0'
CSI Character Attributes-Normal: '<ESC>[0m'
text Dec Special 1-Vertical line: 'x'
Designate G0 Character United States (USASCII): '<ESC>(B'
CSI Erase 26 Character(s)(s): '<ESC>[26X'
CSI Cursor to Column 78: '<ESC>[78G'
Designate G0 Character Dec Special and Line Drawing Set: '<ESC>(0'
CSI Character Attributes-Normal: '<ESC>[0m'
text Dec Special 1-Vertical line: 'x'
Designate G0 Character United States (USASCII): '<ESC>(B'
text USASCII: '<LF>'
CSI Cursor to Column 3: '<ESC>[3G'
Designate G0 Character Dec Special and Line Drawing Set: '<ESC>(0'
CSI Character Attributes-Normal: '<ESC>[0m'
text Dec Special 1-Vertical line: 'x'
Designate G0 Character United States (USASCII): '<ESC>(B'
CSI Erase 38 Character(s)(s): '<ESC>[38X'
CSI Cursor to Column 78: '<ESC>[78G'
Designate G0 Character Dec Special and Line Drawing Set: '<ESC>(0'
CSI Character Attributes-Normal: '<ESC>[0m'
text Dec Special 1-Vertical line: 'x'
Designate G0 Character United States (USASCII): '<ESC>(B'
text USASCII: '<LF>'
CSI Cursor to Column 3: '<ESC>[3G'
Designate G0 Character Dec Special and Line Drawing Set: '<ESC>(0'
CSI Character Attributes-Normal: '<ESC>[0m'
text Dec Special 1-Vertical line: 'x'
Designate G0 Character United States (USASCII): '<ESC>(B'
CSI Erase 19 Character(s)(s): '<ESC>[19X'
CSI Cursor to Column 78: '<ESC>[78G'
Designate G0 Character Dec Special and Line Drawing Set: '<ESC>(0'
CSI Character Attributes-Normal: '<ESC>[0m'
text Dec Special 1-Vertical line: 'x'
Designate G0 Character United States (USASCII): '<ESC>(B'
text USASCII: '<LF>'
CSI Cursor to Column 3: '<ESC>[3G'
Designate G0 Character Dec Special and Line Drawing Set: '<ESC>(0'
CSI Character Attributes-Normal: '<ESC>[0m'
text Dec Special 1-Vertical line: 'x'
Designate G0 Character United States (USASCII): '<ESC>(B'
CSI Erase 35 Character(s)(s): '<ESC>[35X'
CSI Cursor to Column 78: '<ESC>[78G'
Designate G0 Character Dec Special and Line Drawing Set: '<ESC>(0'
CSI Character Attributes-Normal: '<ESC>[0m'
text Dec Special 1-Vertical line: 'x'
Designate G0 Character United States (USASCII): '<ESC>(B'
text USASCII: '<LF>'
CSI Cursor to Column 3: '<ESC>[3G'
Designate G0 Character Dec Special and Line Drawing Set: '<ESC>(0'
CSI Character Attributes-Normal: '<ESC>[0m'
text Dec Special 1-Vertical line: 'x'
Designate G0 Character United States (USASCII): '<ESC>(B'
CSI Erase 40 Character(s)(s): '<ESC>[40X'
CSI Cursor to Column 78: '<ESC>[78G'
Designate G0 Character Dec Special and Line Drawing Set: '<ESC>(0'
CSI Character Attributes-Normal: '<ESC>[0m'
text Dec Special 1-Vertical line: 'x'
Designate G0 Character United States (USASCII): '<ESC>(B'
text USASCII: '<LF>'
CSI Cursor to Column 3: '<ESC>[3G'
Designate G0 Character Dec Special and Line Drawing Set: '<ESC>(0'
CSI Character Attributes-Normal: '<ESC>[0m'
text Dec Special 1-Vertical line: 'x'
Designate G0 Character United States (USASCII): '<ESC>(B'
CSI Erase 35 Character(s)(s): '<ESC>[35X'
CSI Cursor to Column 78: '<ESC>[78G'
Designate G0 Character Dec Special and Line Drawing Set: '<ESC>(0'
CSI Character Attributes-Normal: '<ESC>[0m'
text Dec Special 1-Vertical line: 'x'
Designate G0 Character United States (USASCII): '<ESC>(B'
text USASCII: '<LF>'
CSI Cursor to Column 3: '<ESC>[3G'
Designate G0 Character Dec Special and Line Drawing Set: '<ESC>(0'
CSI Character Attributes-Normal: '<ESC>[0m'
text Dec Special 1-Vertical line: 'x'
Designate G0 Character United States (USASCII): '<ESC>(B'
CSI Erase 43 Character(s)(s): '<ESC>[43X'
CSI Cursor to Column 78: '<ESC>[78G'
Designate G0 Character Dec Special and Line Drawing Set: '<ESC>(0'
CSI Character Attributes-Normal: '<ESC>[0m'
text Dec Special 1-Vertical line: 'x'
Designate G0 Character United States (USASCII): '<ESC>(B'
text USASCII: '<LF>'
CSI Cursor to Column 3: '<ESC>[3G'
Designate G0 Character Dec Special and Line Drawing Set: '<ESC>(0'
CSI Character Attributes-Normal: '<ESC>[0m'
text Dec Special 1-Vertical line: 'x'
Designate G0 Character United States (USASCII): '<ESC>(B'
CSI Erase 39 Character(s)(s): '<ESC>[39X'
CSI Cursor to Column 78: '<ESC>[78G'
Designate G0 Character Dec Special and Line Drawing Set: '<ESC>(0'
CSI Character Attributes-Normal: '<ESC>[0m'
text Dec Special 1-Vertical line: 'x'
Designate G0 Character United States (USASCII): '<ESC>(B'
text USASCII: '<LF>'
CSI Cursor to Column 3: '<ESC>[3G'
Designate G0 Character Dec Special and Line Drawing Set: '<ESC>(0'
CSI Character Attributes-Normal: '<ESC>[0m'
text Dec Special 1-Vertical line: 'x'
Designate G0 Character United States (USASCII): '<ESC>(B'
CSI Erase 27 Character(s)(s): '<ESC>[27X'
CSI Cursor to Column 78: '<ESC>[78G'
Designate G0 Character Dec Special and Line Drawing Set: '<ESC>(0'
CSI Character Attributes-Normal: '<ESC>[0m'
text Dec Special 1-Vertical line: 'x'
Designate G0 Character United States (USASCII): '<ESC>(B'
text USASCII: '<LF>'
CSI Cursor to Column 3: '<ESC>[3G'
Designate G0 Character Dec Special and Line Drawing Set: '<ESC>(0'
CSI Character Attributes-Normal: '<ESC>[0m'
text Dec Special 1-Vertical line: 'x'
Designate G0 Character United States (USASCII): '<ESC>(B'
CSI Erase 42 Character(s)(s): '<ESC>[42X'
CSI Cursor to Column 78: '<ESC>[78G'
Designate G0 Character Dec Special and Line Drawing Set: '<ESC>(0'
CSI Character Attributes-Normal: '<ESC>[0m'
text Dec Special 1-Vertical line: 'x'
Designate G0 Character United States (USASCII): '<ESC>(B'
text USASCII: '<LF>'
CSI Cursor to Column 3: '<ESC>[3G'
Designate G0 Character Dec Special and Line Drawing Set: '<ESC>(0'
CSI Character Attributes-Normal: '<ESC>[0m'
text Dec Special 1-Vertical line: 'x'
Designate G0 Character United States (USASCII): '<ESC>(B'
CSI Erase 25 Character(s)(s): '<ESC>[25X'
CSI Cursor to Column 78: '<ESC>[78G'
Designate G0 Character Dec Special and Line Drawing Set: '<ESC>(0'
CSI Character Attributes-Normal: '<ESC>[0m'
text Dec Special 1-Vertical line: 'x'
Designate G0 Character United States (USASCII): '<ESC>(B'
text USASCII: '<LF>'
CSI Cursor to Column 3: '<ESC>[3G'
Designate G0 Character Dec Special and Line Drawing Set: '<ESC>(0'
CSI Character Attributes-Normal: '<ESC>[0m'
text Dec Special 1-Vertical line: 'x'
Designate G0 Character United States (USASCII): '<ESC>(B'
CSI Erase 16 Character(s)(s): '<ESC>[16X'
CSI Cursor to Column 78: '<ESC>[78G'
Designate G0 Character Dec Special and Line Drawing Set: '<ESC>(0'
CSI Character Attributes-Normal: '<ESC>[0m'
text Dec Special 1-Vertical line: 'x'
Designate G0 Character United States (USASCII): '<ESC>(B'
text USASCII: '<LF>'
CSI Cursor to Column 3: '<ESC>[3G'
Designate G0 Character Dec Special and Line Drawing Set: '<ESC>(0'
CSI Character Attributes-Normal: '<ESC>[0m'
text Dec Special 1-Vertical line: 'x'
Designate G0 Character United States (USASCII): '<ESC>(B'
CSI Cursor to Column 78: '<ESC>[78G'
Designate G0 Character Dec Special and Line Drawing Set: '<ESC>(0'
CSI Character Attributes-Normal: '<ESC>[0m'
text Dec Special 1-Vertical line: 'x'
Designate G0 Character United States (USASCII): '<ESC>(B'
text USASCII: '<LF>'
CSI Cursor to Column 3: '<ESC>[3G'
Designate G0 Character Dec Special and Line Drawing Set: '<ESC>(0'
CSI Character Attributes-Normal: '<ESC>[0m'
text Dec Special 1-Vertical line: 'x'
Designate G0 Character United States (USASCII): '<ESC>(B'
CSI Cursor to Column 78: '<ESC>[78G'
Designate G0 Character Dec Special and Line Drawing Set: '<ESC>(0'
CSI Character Attributes-Normal: '<ESC>[0m'
text Dec Special 1-Vertical line: 'x'
Designate G0 Character United States (USASCII): '<ESC>(B'
text USASCII: '<LF>'
CSI Cursor to Column 3: '<ESC>[3G'
Designate G0 Character Dec Special and Line Drawing Set: '<ESC>(0'
CSI Character Attributes-Normal: '<ESC>[0m'
text Dec Special 1-Vertical line: 'x'
Designate G0 Character United States (USASCII): '<ESC>(B'
CSI Cursor to Column 78: '<ESC>[78G'
Designate G0 Character Dec Special and Line Drawing Set: '<ESC>(0'
CSI Character Attributes-Normal: '<ESC>[0m'
text Dec Special 1-Vertical line: 'x'
Designate G0 Character United States (USASCII): '<ESC>(B'
text USASCII: '<LF>'
CSI Cursor to Column 3: '<ESC>[3G'
Designate G0 Character Dec Special and Line Drawing Set: '<ESC>(0'
CSI Character Attributes-Normal: '<ESC>[0m'
text Dec Special 1-Vertical line: 'x'
Designate G0 Character United States (USASCII): '<ESC>(B'
CSI Cursor to Column 78: '<ESC>[78G'
Designate G0 Character Dec Special and Line Drawing Set: '<ESC>(0'
CSI Character Attributes-Normal: '<ESC>[0m'
text Dec Special 1-Vertical line: 'x'
Designate G0 Character United States (USASCII): '<ESC>(B'
text USASCII: '<LF>'
CSI Cursor to Column 3: '<ESC>[3G'
Designate G0 Character Dec Special and Line Drawing Set: '<ESC>(0'
CSI Character Attributes-Normal: '<ESC>[0m'
text Dec Special 1-ll corner: 'm'
Designate G0 Character United States (USASCII): '<ESC>(B'
CSI Cursor to Column 78: '<ESC>[78G'
Designate G0 Character Dec Special and Line Drawing Set: '<ESC>(0'
CSI Character Attributes-Normal: '<ESC>[0m'
text Dec Special 1-lr corner: 'j'
Designate G0 Character United States (USASCII): '<ESC>(B'
CSI Position Cursor to row 3,Col 3]: '<ESC>[3;3H'
Designate G0 Character Dec Special and Line Drawing Set: '<ESC>(0'
CSI Character Attributes-Normal: '<ESC>[0m'
Designate G0 Character United States (USASCII): '<ESC>(B'
CSI Position Cursor to row 6,Col 31]: '<ESC>[6;31H'
CSI Position Cursor to row 4,Col 4]: '<ESC>[4;4H'
text USASCII: 'Checking GEDCOM file for errors.<LF>'
CSI Cursor to Column 4: '<ESC>[4G'
text USASCII: '<TAB> 0 Persons'
CSI Position Cursor to row 6,Col 10]: '<ESC>[6;10H'
text USASCII: '0 Families'
CSI Position Cursor to row 7,Col 10]: '<ESC>[7;10H'
text USASCII: '0 Sources'
CSI Position Cursor to row 8,Col 10]: '<ESC>[8;10H'
text USASCII: '0 Events'
CSI Position Cursor to row 9,Col 10]: '<ESC>[9;10H'
text USASCII: '0 Others'
CSI Position Cursor to row 10,Col 10]: '<ESC>[10;10H'
text USASCII: '0 Errors'
CSI Position Cursor to row 11,Col 10]: '<ESC>[11;10H'
text USASCII: '0 Warnings'
CSI Position Cursor to row 6,Col 10]: '<ESC>[6;10H'
text USASCII: '1<TAB>y  '
C0 Control Character (Ctrl-H) Backspace: '<BS>'
C0 Control Character (Ctrl-H) Backspace: '<BS>'
CSI Position Cursor to row 5,Col 10]: '<ESC>[5;10H'
text USASCII: '1<TAB>n '
C0 Control Character (Ctrl-H) Backspace: '<BS>'
CSI Position Cursor to row 5,Col 10]: '<ESC>[5;10H'
text USASCII: '2<TAB>ns'
CSI Position Cursor to row 5,Col 10]: '<ESC>[5;10H'
text USASCII: '3'
CSI Position Cursor to row 5,Col 19]: '<ESC>[5;19H'
CSI Position Cursor to row 11,Col 4]: '<ESC>[11;4H'
Designate G0 Character Dec Special and Line Drawing Set: '<ESC>(0'
CSI Character Attributes-Normal: '<ESC>[0m'
text Dec Special 1-ul corner 71-Horizontal line: 'lqqqqqqqqqqqqqqqqqqqqqqqqqqqqqqqqqqqqqqqqqqqqqqqqqqqqqqqqqqqqqqqqqqqqqqq'
text Dec Special, 1-ur corner: 'k'
Designate G0 Character United States (USASCII): '<ESC>(B'
text USASCII: '<LF>'
CSI Cursor to Column 4: '<ESC>[4G'
Designate G0 Character Dec Special and Line Drawing Set: '<ESC>(0'
CSI Character Attributes-Normal: '<ESC>[0m'
text Dec Special 1-Vertical line: 'x'
Designate G0 Character United States (USASCII): '<ESC>(B'
text USASCII: 'Cannot convert codeset (from <~@> to <UTF-8>)'
CSI Cursor to Column 76: '<ESC>[76G'
Designate G0 Character Dec Special and Line Drawing Set: '<ESC>(0'
CSI Character Attributes-Normal: '<ESC>[0m'
text Dec Special 1-Vertical line: 'x'
Designate G0 Character United States (USASCII): '<ESC>(B'
text USASCII: '<LF>'
CSI Cursor to Column 4: '<ESC>[4G'
Designate G0 Character Dec Special and Line Drawing Set: '<ESC>(0'
CSI Character Attributes-Normal: '<ESC>[0m'
text Dec Special 1-Vertical line: 'x'
Designate G0 Character United States (USASCII): '<ESC>(B'
text USASCII: 'Enter codeset to assume (* for none)'
CSI Cursor to Column 76: '<ESC>[76G'
Designate G0 Character Dec Special and Line Drawing Set: '<ESC>(0'
CSI Character Attributes-Normal: '<ESC>[0m'
text Dec Special 1-Vertical line: 'x'
Designate G0 Character United States (USASCII): '<ESC>(B'
text USASCII: '<LF>'
CSI Cursor to Column 4: '<ESC>[4G'
Designate G0 Character Dec Special and Line Drawing Set: '<ESC>(0'
CSI Character Attributes-Normal: '<ESC>[0m'
text Dec Special 1-ll corner 71-Horizontal line: 'mqqqqqqqqqqqqqqqqqqqqqqqqqqqqqqqqqqqqqqqqqqqqqqqqqqqqqqqqqqqqqqqqqqqqqqq'
text Dec Special, 1-lr corner: 'j'
Designate G0 Character United States (USASCII): '<ESC>(B'
CSI Position Cursor to row 13,Col 41]: '<ESC>[13;41H'
Designate G0 Character Dec Special and Line Drawing Set: '<ESC>(0'
CSI Character Attributes-Normal: '<ESC>[0m'
Designate G0 Character United States (USASCII): '<ESC>(B'
text USASCII: ' '
CSI Dec Private Mode Reset Normal Cursor Keys: '<ESC>[?1l'
Normal Keypad: '<ESC>>'
text USASCII: 'y<LF>'
CSI Cursor to Column 4: '<ESC>[4G'
CSI Line Position Absolutge [row] to 3, Col unchanged: '<ESC>[3d'
C0 Control Character (Ctrl-H) Backspace: '<BS>'
text USASCII: '  Copyright(c) 1991 to 1996, by T. T. Wetmore IV'
CSI Erase 28 Character(s)(s): '<ESC>[28X'
text USASCII: '<LF>'
CSI Cursor to Column 3: '<ESC>[3G'
text USASCII: '  Current Database - ./testdb    '
CSI Cursor to Column 78: '<ESC>[78G'
text USASCII: ' <LF>'
CSI Cursor to Column 3: '<ESC>[3G'
Designate G0 Character Dec Special and Line Drawing Set: '<ESC>(0'
CSI Character Attributes-Normal: '<ESC>[0m'
text Dec Special 76-Horizontal line: 'qqqqqqqqqqqqqqqqqqqqqqqqqqqqqqqqqqqqqqqqqqqqqqqqqqqqqqqqqqqqqqqqqqqqqqqqqqqq'
Designate G0 Character United States (USASCII): '<ESC>(B'
text USASCII: '<LF>'
CSI Cursor to Column 3: '<ESC>[3G'
Designate G0 Character Dec Special and Line Drawing Set: '<ESC>(0'
CSI Character Attributes-Normal: '<ESC>[0m'
Designate G0 Character United States (USASCII): '<ESC>(B'
text USASCII: 'Please choose an operation:'
CSI Cursor to Column 78: '<ESC>[78G'
text USASCII: ' <LF>'
CSI Cursor to Column 3: '<ESC>[3G'
text USASCII: '  b  Browse the persons in the database'
CSI Cursor to Column 78: '<ESC>[78G'
text USASCII: ' <LF>'
CSI Cursor to Column 3: '<ESC>[3G'
text USASCII: '  s  Search database'
CSI Cursor to Column 78: '<ESC>[78G'
text USASCII: ' <LF>'
CSI Cursor to Column 3: '<ESC>[3G'
text USASCII: '  a  Add information to the database'
CSI Cursor to Column 78: '<ESC>[78G'
text USASCII: ' <LF>'
CSI Cursor to Column 3: '<ESC>[3G'
text USASCII: '  d  Delete information from the database'
CSI Cursor to Column 78: '<ESC>[78G'
text USASCII: ' <LF>'
CSI Cursor to Column 3: '<ESC>[3G'
text USASCII: '  p  Pick a report from list and run'
CSI Erase 40 Character(s)(s): '<ESC>[40X'
text USASCII: '<LF>'
CSI Cursor to Column 3: '<ESC>[3G'
text USASCII: '  r  Generate report by entering report name   '
CSI Cursor to Column 76: '<ESC>[76G'
text USASCII: '   <LF>'
CSI Cursor to Column 3: '<ESC>[3G'
text USASCII: '  t  Modify character translation tables'
CSI Cursor to Column 76: '<ESC>[76G'
text USASCII: '   <LF>'
CSI Cursor to Column 3: '<ESC>[3G'
text USASCII: '  u  Miscellaneous utilities'
CSI Erase 48 Character(s)(s): '<ESC>[48X'
text USASCII: '<LF>'
CSI Cursor to Column 3: '<ESC>[3G'
text USASCII: '  x  Handle source, event and other records'
CSI Cursor to Column 78: '<ESC>[78G'
text USASCII: ' <LF>'
CSI Cursor to Column 3: '<ESC>[3G'
text USASCII: '  Q  Quit current database'
CSI Cursor to Column 78: '<ESC>[78G'
text USASCII: ' <LF>'
CSI Cursor to Column 3: '<ESC>[3G'
text USASCII: '  q  Quit program'
CSI Cursor to Column 78: '<ESC>[78G'
text USASCII: ' <LF>'
CSI Cursor to Column 3: '<ESC>[3G'
text USASCII: ' '
CSI Cursor to Column 78: '<ESC>[78G'
text USASCII: ' <LF>'
CSI Cursor to Column 3: '<ESC>[3G'
text USASCII: ' '
CSI Cursor to Column 78: '<ESC>[78G'
text USASCII: ' <LF>'
CSI Cursor to Column 3: '<ESC>[3G'
text USASCII: ' '
CSI Cursor to Column 78: '<ESC>[78G'
text USASCII: ' <LF>'
CSI Cursor to Column 3: '<ESC>[3G'
text USASCII: ' '
CSI Cursor to Column 78: '<ESC>[78G'
text USASCII: ' <LF>'
CSI Cursor to Column 3: '<ESC>[3G'
Designate G0 Character Dec Special and Line Drawing Set: '<ESC>(0'
CSI Character Attributes-Normal: '<ESC>[0m'
text Dec Special 1-Horizontal line: 'q'
Designate G0 Character United States (USASCII): '<ESC>(B'
CSI Cursor to Column 78: '<ESC>[78G'
Designate G0 Character Dec Special and Line Drawing Set: '<ESC>(0'
CSI Character Attributes-Normal: '<ESC>[0m'
text Dec Special 1-Horizontal line: 'q'
Designate G0 Character United States (USASCII): '<ESC>(B'
CSI Position Cursor to row 6,Col 31]: '<ESC>[6;31H'
Designate G0 Character Dec Special and Line Drawing Set: '<ESC>(0'
CSI Character Attributes-Normal: '<ESC>[0m'
Designate G0 Character United States (USASCII): '<ESC>(B'
CSI Position Cursor to row 4,Col 4]: '<ESC>[4;4H'
text USASCII: 'Checking GEDCOM file for errors.<LF>'
CSI Cursor to Column 4: '<ESC>[4G'
text USASCII: '      3 Persons'
CSI Erase 59 Character(s)(s): '<ESC>[59X'
text USASCII: '<LF>'
CSI Cursor to Column 4: '<ESC>[4G'
text USASCII: '      1 Family            <LF>'
CSI Cursor to Column 5: '<ESC>[5G'
text USASCII: '     0 Sources'
CSI Erase 23 Character(s)(s): '<ESC>[23X'
text USASCII: '<LF>'
CSI Cursor to Column 5: '<ESC>[5G'
text USASCII: '     0 Events     <LF>'
CSI Cursor to Column 5: '<ESC>[5G'
text USASCII: '     0 Others'
CSI Erase 21 Character(s)(s): '<ESC>[21X'
text USASCII: '<LF>'
CSI Cursor to Column 5: '<ESC>[5G'
text USASCII: '     0 Errors'
CSI Erase 26 Character(s)(s): '<ESC>[26X'
text USASCII: '<LF>'
CSI Cursor to Column 5: '<ESC>[5G'
text USASCII: '     0 Warnings'
CSI Erase 19 Character(s)(s): '<ESC>[19X'
text USASCII: '<LF>'
CSI Cursor to Column 5: '<ESC>[5G'
CSI Erase 42 Character(s)(s): '<ESC>[42X'
text USASCII: '<LF>'
CSI Erase 38 Character(s)(s): '<ESC>[38X'
text USASCII: '<LF>'
CSI Erase 26 Character(s)(s): '<ESC>[26X'
text USASCII: '<LF>'
CSI Erase 41 Character(s)(s): '<ESC>[41X'
text USASCII: '<LF>'
CSI Erase 24 Character(s)(s): '<ESC>[24X'
text USASCII: '<LF>'
CSI Erase 15 Character(s)(s): '<ESC>[15X'
CSI Position Cursor to row 5,Col 19]: '<ESC>[5;19H'
CSI Position Cursor to row 11,Col 4]: '<ESC>[11;4H'
Designate G0 Character Dec Special and Line Drawing Set: '<ESC>(0'
CSI Character Attributes-Normal: '<ESC>[0m'
text Dec Special 1-ul corner 71-Horizontal line: 'lqqqqqqqqqqqqqqqqqqqqqqqqqqqqqqqqqqqqqqqqqqqqqqqqqqqqqqqqqqqqqqqqqqqqqqq'
text Dec Special, 1-ur corner: 'k'
Designate G0 Character United States (USASCII): '<ESC>(B'
text USASCII: '<LF>'
CSI Cursor to Column 4: '<ESC>[4G'
Designate G0 Character Dec Special and Line Drawing Set: '<ESC>(0'
CSI Character Attributes-Normal: '<ESC>[0m'
text Dec Special 1-Vertical line: 'x'
Designate G0 Character United States (USASCII): '<ESC>(B'
text USASCII: 'Cannot convert codeset (from <y> to <UTF-8>)'
CSI Cursor to Column 76: '<ESC>[76G'
Designate G0 Character Dec Special and Line Drawing Set: '<ESC>(0'
CSI Character Attributes-Normal: '<ESC>[0m'
text Dec Special 1-Vertical line: 'x'
Designate G0 Character United States (USASCII): '<ESC>(B'
text USASCII: '<LF>'
CSI Cursor to Column 4: '<ESC>[4G'
Designate G0 Character Dec Special and Line Drawing Set: '<ESC>(0'
CSI Character Attributes-Normal: '<ESC>[0m'
text Dec Special 1-Vertical line: 'x'
Designate G0 Character United States (USASCII): '<ESC>(B'
text USASCII: 'Enter codeset to assume (* for none)'
CSI Cursor to Column 76: '<ESC>[76G'
Designate G0 Character Dec Special and Line Drawing Set: '<ESC>(0'
CSI Character Attributes-Normal: '<ESC>[0m'
text Dec Special 1-Vertical line: 'x'
Designate G0 Character United States (USASCII): '<ESC>(B'
text USASCII: '<LF>'
CSI Cursor to Column 4: '<ESC>[4G'
Designate G0 Character Dec Special and Line Drawing Set: '<ESC>(0'
CSI Character Attributes-Normal: '<ESC>[0m'
text Dec Special 1-ll corner 71-Horizontal line: 'mqqqqqqqqqqqqqqqqqqqqqqqqqqqqqqqqqqqqqqqqqqqqqqqqqqqqqqqqqqqqqqqqqqqqqqq'
text Dec Special, 1-lr corner: 'j'
Designate G0 Character United States (USASCII): '<ESC>(B'
CSI Position Cursor to row 13,Col 41]: '<ESC>[13;41H'
Designate G0 Character Dec Special and Line Drawing Set: '<ESC>(0'
CSI Character Attributes-Normal: '<ESC>[0m'
Designate G0 Character United States (USASCII): '<ESC>(B'
text USASCII: ' b1<LF>'
CSI Cursor to Column 4: '<ESC>[4G'
CSI Line Position Absolutge [row] to 4, Col unchanged: '<ESC>[4d'
text USASCII: ' Current Database - ./testdb    <LF>'
CSI Cursor to Column 4: '<ESC>[4G'
Designate G0 Character Dec Special and Line Drawing Set: '<ESC>(0'
CSI Character Attributes-Normal: '<ESC>[0m'
text Dec Special 74-Horizontal line: 'qqqqqqqqqqqqqqqqqqqqqqqqqqqqqqqqqqqqqqqqqqqqqqqqqqqqqqqqqqqqqqqqqqqqqqqqqq'
Designate G0 Character United States (USASCII): '<ESC>(B'
text USASCII: '<LF>'
CSI Cursor to Column 4: '<ESC>[4G'
Designate G0 Character Dec Special and Line Drawing Set: '<ESC>(0'
CSI Character Attributes-Normal: '<ESC>[0m'
Designate G0 Character United States (USASCII): '<ESC>(B'
text USASCII: 'lease choose an operation:<LF>'
CSI Cursor to Column 5: '<ESC>[5G'
text USASCII: 'b  Browse the persons in the database<LF>'
CSI Cursor to Column 5: '<ESC>[5G'
text USASCII: 's  Search database<LF>'
CSI Cursor to Column 5: '<ESC>[5G'
text USASCII: 'a  Add information to the database<LF>'
CSI Cursor to Column 5: '<ESC>[5G'
text USASCII: 'd  Delete information from the database<LF>'
CSI Cursor to Column 4: '<ESC>[4G'
text USASCII: ' p  Pick a report from list and run'
CSI Erase 38 Character(s)(s): '<ESC>[38X'
text USASCII: '<LF>'
CSI Cursor to Column 4: '<ESC>[4G'
text USASCII: ' r  Generate report by entering report name  '
CSI Cursor to Column 76: '<ESC>[76G'
text USASCII: ' <LF>'
CSI Cursor to Column 4: '<ESC>[4G'
text USASCII: ' t  Modify character translation tables '
CSI Cursor to Column 76: '<ESC>[76G'
text USASCII: ' <LF>'
CSI Cursor to Column 4: '<ESC>[4G'
text USASCII: ' u  Miscellaneous utilities'
CSI Erase 46 Character(s)(s): '<ESC>[46X'
text USASCII: '<LF>'
CSI Cursor to Column 5: '<ESC>[5G'
text USASCII: 'x  Handle source, event and other records<LF>'
CSI Cursor to Column 5: '<ESC>[5G'
text USASCII: 'Q  Quit current database<LF>'
CSI Cursor to Column 5: '<ESC>[5G'
text USASCII: 'q  Quit program'
CSI Position Cursor to row 6,Col 31]: '<ESC>[6;31H'
CSI Position Cursor to row 4,Col 4]: '<ESC>[4;4H'
text USASCII: 'Checking GEDCOM file for errors.<LF>'
CSI Cursor to Column 4: '<ESC>[4G'
text USASCII: '      3 Persons'
CSI Erase 59 Character(s)(s): '<ESC>[59X'
text USASCII: '<LF>'
CSI Cursor to Column 4: '<ESC>[4G'
text USASCII: '      1 Family            <LF>'
CSI Cursor to Column 5: '<ESC>[5G'
text USASCII: '     0 Sources'
CSI Erase 23 Character(s)(s): '<ESC>[23X'
text USASCII: '<LF>'
CSI Cursor to Column 5: '<ESC>[5G'
text USASCII: '     0 Events     <LF>'
CSI Cursor to Column 5: '<ESC>[5G'
text USASCII: '     0 Others'
CSI Erase 21 Character(s)(s): '<ESC>[21X'
text USASCII: '<LF>'
CSI Cursor to Column 5: '<ESC>[5G'
text USASCII: '     0 Errors'
CSI Erase 26 Character(s)(s): '<ESC>[26X'
text USASCII: '<LF>'
CSI Cursor to Column 5: '<ESC>[5G'
text USASCII: '     0 Warnings'
CSI Erase 19 Character(s)(s): '<ESC>[19X'
text USASCII: '<LF>'
CSI Cursor to Column 5: '<ESC>[5G'
CSI Erase 42 Character(s)(s): '<ESC>[42X'
text USASCII: '<LF>'
CSI Erase 38 Character(s)(s): '<ESC>[38X'
text USASCII: '<LF>'
CSI Erase 26 Character(s)(s): '<ESC>[26X'
text USASCII: '<LF>'
CSI Erase 41 Character(s)(s): '<ESC>[41X'
text USASCII: '<LF>'
CSI Erase 24 Character(s)(s): '<ESC>[24X'
text USASCII: '<LF>'
CSI Erase 15 Character(s)(s): '<ESC>[15X'
CSI Position Cursor to row 5,Col 19]: '<ESC>[5;19H'
CSI Position Cursor to row 11,Col 4]: '<ESC>[11;4H'
Designate G0 Character Dec Special and Line Drawing Set: '<ESC>(0'
CSI Character Attributes-Normal: '<ESC>[0m'
text Dec Special 1-ul corner 71-Horizontal line: 'lqqqqqqqqqqqqqqqqqqqqqqqqqqqqqqqqqqqqqqqqqqqqqqqqqqqqqqqqqqqqqqqqqqqqqqq'
text Dec Special, 1-ur corner: 'k'
Designate G0 Character United States (USASCII): '<ESC>(B'
text USASCII: '<LF>'
CSI Cursor to Column 4: '<ESC>[4G'
Designate G0 Character Dec Special and Line Drawing Set: '<ESC>(0'
CSI Character Attributes-Normal: '<ESC>[0m'
text Dec Special 1-Vertical line: 'x'
Designate G0 Character United States (USASCII): '<ESC>(B'
text USASCII: 'Cannot convert codeset (from <b1> to <UTF-8>)'
CSI Cursor to Column 76: '<ESC>[76G'
Designate G0 Character Dec Special and Line Drawing Set: '<ESC>(0'
CSI Character Attributes-Normal: '<ESC>[0m'
text Dec Special 1-Vertical line: 'x'
Designate G0 Character United States (USASCII): '<ESC>(B'
text USASCII: '<LF>'
CSI Cursor to Column 4: '<ESC>[4G'
Designate G0 Character Dec Special and Line Drawing Set: '<ESC>(0'
CSI Character Attributes-Normal: '<ESC>[0m'
text Dec Special 1-Vertical line: 'x'
Designate G0 Character United States (USASCII): '<ESC>(B'
text USASCII: 'Enter codeset to assume (* for none)'
CSI Cursor to Column 76: '<ESC>[76G'
Designate G0 Character Dec Special and Line Drawing Set: '<ESC>(0'
CSI Character Attributes-Normal: '<ESC>[0m'
text Dec Special 1-Vertical line: 'x'
Designate G0 Character United States (USASCII): '<ESC>(B'
text USASCII: '<LF>'
CSI Cursor to Column 4: '<ESC>[4G'
Designate G0 Character Dec Special and Line Drawing Set: '<ESC>(0'
CSI Character Attributes-Normal: '<ESC>[0m'
text Dec Special 1-ll corner 71-Horizontal line: 'mqqqqqqqqqqqqqqqqqqqqqqqqqqqqqqqqqqqqqqqqqqqqqqqqqqqqqqqqqqqqqqqqqqqqqqq'
text Dec Special, 1-lr corner: 'j'
Designate G0 Character United States (USASCII): '<ESC>(B'
CSI Position Cursor to row 13,Col 41]: '<ESC>[13;41H'
Designate G0 Character Dec Special and Line Drawing Set: '<ESC>(0'
CSI Character Attributes-Normal: '<ESC>[0m'
Designate G0 Character United States (USASCII): '<ESC>(B'
text USASCII: ' !aqq<LF>'
CSI Cursor to Column 4: '<ESC>[4G'
CSI Line Position Absolutge [row] to 4, Col unchanged: '<ESC>[4d'
text USASCII: ' Current Database - ./testdb    <LF>'
CSI Cursor to Column 4: '<ESC>[4G'
Designate G0 Character Dec Special and Line Drawing Set: '<ESC>(0'
CSI Character Attributes-Normal: '<ESC>[0m'
text Dec Special 74-Horizontal line: 'qqqqqqqqqqqqqqqqqqqqqqqqqqqqqqqqqqqqqqqqqqqqqqqqqqqqqqqqqqqqqqqqqqqqqqqqqq'
Designate G0 Character United States (USASCII): '<ESC>(B'
text USASCII: '<LF>'
CSI Cursor to Column 4: '<ESC>[4G'
Designate G0 Character Dec Special and Line Drawing Set: '<ESC>(0'
CSI Character Attributes-Normal: '<ESC>[0m'
Designate G0 Character United States (USASCII): '<ESC>(B'
text USASCII: 'lease choose an operation:<LF>'
CSI Cursor to Column 5: '<ESC>[5G'
text USASCII: 'b  Browse the persons in the database<LF>'
CSI Cursor to Column 5: '<ESC>[5G'
text USASCII: 's  Search database<LF>'
CSI Cursor to Column 5: '<ESC>[5G'
text USASCII: 'a  Add information to the database<LF>'
CSI Cursor to Column 5: '<ESC>[5G'
text USASCII: 'd  Delete information from the database<LF>'
CSI Cursor to Column 4: '<ESC>[4G'
text USASCII: ' p  Pick a report from list and run'
CSI Erase 38 Character(s)(s): '<ESC>[38X'
text USASCII: '<LF>'
CSI Cursor to Column 4: '<ESC>[4G'
text USASCII: ' r  Generate report by entering report name   '
CSI Cursor to Column 76: '<ESC>[76G'
text USASCII: ' <LF>'
CSI Cursor to Column 4: '<ESC>[4G'
text USASCII: ' t  Modify character translation tables   '
CSI Cursor to Column 76: '<ESC>[76G'
text USASCII: ' <LF>'
CSI Cursor to Column 4: '<ESC>[4G'
text USASCII: ' u  Miscellaneous utilities'
CSI Erase 46 Character(s)(s): '<ESC>[46X'
text USASCII: '<LF>'
CSI Cursor to Column 5: '<ESC>[5G'
text USASCII: 'x  Handle source, event and other records<LF>'
CSI Cursor to Column 5: '<ESC>[5G'
text USASCII: 'Q  Quit current database<LF>'
CSI Cursor to Column 5: '<ESC>[5G'
text USASCII: 'q  Quit program'
CSI Position Cursor to row 6,Col 31]: '<ESC>[6;31H'
CSI Position Cursor to row 4,Col 4]: '<ESC>[4;4H'
text USASCII: 'Checking GEDCOM file for errors.<LF>'
CSI Cursor to Column 4: '<ESC>[4G'
text USASCII: '      3 Persons'
CSI Erase 59 Character(s)(s): '<ESC>[59X'
text USASCII: '<LF>'
CSI Cursor to Column 4: '<ESC>[4G'
text USASCII: '      1 Family            <LF>'
CSI Cursor to Column 5: '<ESC>[5G'
text USASCII: '     0 Sources'
CSI Erase 23 Character(s)(s): '<ESC>[23X'
text USASCII: '<LF>'
CSI Cursor to Column 5: '<ESC>[5G'
text USASCII: '     0 Events     <LF>'
CSI Cursor to Column 5: '<ESC>[5G'
text USASCII: '     0 Others'
CSI Erase 21 Character(s)(s): '<ESC>[21X'
text USASCII: '<LF>'
CSI Cursor to Column 5: '<ESC>[5G'
text USASCII: '     0 Errors'
CSI Erase 26 Character(s)(s): '<ESC>[26X'
text USASCII: '<LF>'
CSI Cursor to Column 5: '<ESC>[5G'
text USASCII: '     0 Warnings'
CSI Erase 19 Character(s)(s): '<ESC>[19X'
text USASCII: '<LF>'
CSI Cursor to Column 5: '<ESC>[5G'
CSI Erase 42 Character(s)(s): '<ESC>[42X'
text USASCII: '<LF>'
CSI Erase 38 Character(s)(s): '<ESC>[38X'
text USASCII: '<LF>'
CSI Erase 26 Character(s)(s): '<ESC>[26X'
text USASCII: '<LF>'
CSI Erase 41 Character(s)(s): '<ESC>[41X'
text USASCII: '<LF>'
CSI Erase 24 Character(s)(s): '<ESC>[24X'
text USASCII: '<LF>'
CSI Erase 15 Character(s)(s): '<ESC>[15X'
CSI Position Cursor to row 5,Col 19]: '<ESC>[5;19H'
CSI Position Cursor to row 11,Col 4]: '<ESC>[11;4H'
Designate G0 Character Dec Special and Line Drawing Set: '<ESC>(0'
CSI Character Attributes-Normal: '<ESC>[0m'
text Dec Special 1-ul corner 71-Horizontal line: 'lqqqqqqqqqqqqqqqqqqqqqqqqqqqqqqqqqqqqqqqqqqqqqqqqqqqqqqqqqqqqqqqqqqqqqqq'
text Dec Special, 1-ur corner: 'k'
Designate G0 Character United States (USASCII): '<ESC>(B'
text USASCII: '<LF>'
CSI Cursor to Column 4: '<ESC>[4G'
Designate G0 Character Dec Special and Line Drawing Set: '<ESC>(0'
CSI Character Attributes-Normal: '<ESC>[0m'
text Dec Special 1-Vertical line: 'x'
Designate G0 Character United States (USASCII): '<ESC>(B'
text USASCII: 'Cannot convert codeset (from <!aqq> to <UTF-8>)'
CSI Cursor to Column 76: '<ESC>[76G'
Designate G0 Character Dec Special and Line Drawing Set: '<ESC>(0'
CSI Character Attributes-Normal: '<ESC>[0m'
text Dec Special 1-Vertical line: 'x'
Designate G0 Character United States (USASCII): '<ESC>(B'
text USASCII: '<LF>'
CSI Cursor to Column 4: '<ESC>[4G'
Designate G0 Character Dec Special and Line Drawing Set: '<ESC>(0'
CSI Character Attributes-Normal: '<ESC>[0m'
text Dec Special 1-Vertical line: 'x'
Designate G0 Character United States (USASCII): '<ESC>(B'
text USASCII: 'Enter codeset to assume (* for none)'
CSI Cursor to Column 76: '<ESC>[76G'
Designate G0 Character Dec Special and Line Drawing Set: '<ESC>(0'
CSI Character Attributes-Normal: '<ESC>[0m'
text Dec Special 1-Vertical line: 'x'
Designate G0 Character United States (USASCII): '<ESC>(B'
text USASCII: '<LF>'
CSI Cursor to Column 4: '<ESC>[4G'
Designate G0 Character Dec Special and Line Drawing Set: '<ESC>(0'
CSI Character Attributes-Normal: '<ESC>[0m'
text Dec Special 1-ll corner 71-Horizontal line: 'mqqqqqqqqqqqqqqqqqqqqqqqqqqqqqqqqqqqqqqqqqqqqqqqqqqqqqqqqqqqqqqqqqqqqqqq'
text Dec Special, 1-lr corner: 'j'
Designate G0 Character United States (USASCII): '<ESC>(B'
CSI Position Cursor to row 13,Col 41]: '<ESC>[13;41H'
Designate G0 Character Dec Special and Line Drawing Set: '<ESC>(0'
CSI Character Attributes-Normal: '<ESC>[0m'
Designate G0 Character United States (USASCII): '<ESC>(B'
text USASCII: ' <LF>'
CSI Cursor to Column 4: '<ESC>[4G'
CSI Line Position Absolutge [row] to 4, Col unchanged: '<ESC>[4d'
text USASCII: ' Current Database - ./testdb    <LF>'
CSI Cursor to Column 4: '<ESC>[4G'
Designate G0 Character Dec Special and Line Drawing Set: '<ESC>(0'
CSI Character Attributes-Normal: '<ESC>[0m'
text Dec Special 74-Horizontal line: 'qqqqqqqqqqqqqqqqqqqqqqqqqqqqqqqqqqqqqqqqqqqqqqqqqqqqqqqqqqqqqqqqqqqqqqqqqq'
Designate G0 Character United States (USASCII): '<ESC>(B'
text USASCII: '<LF>'
CSI Cursor to Column 4: '<ESC>[4G'
Designate G0 Character Dec Special and Line Drawing Set: '<ESC>(0'
CSI Character Attributes-Normal: '<ESC>[0m'
Designate G0 Character United States (USASCII): '<ESC>(B'
text USASCII: 'lease choose an operation:<LF>'
CSI Cursor to Column 5: '<ESC>[5G'
text USASCII: 'b  Browse the persons in the database<LF>'
CSI Cursor to Column 5: '<ESC>[5G'
text USASCII: 's  Search database<LF>'
CSI Cursor to Column 5: '<ESC>[5G'
text USASCII: 'a  Add information to the database<LF>'
CSI Cursor to Column 5: '<ESC>[5G'
text USASCII: 'd  Delete information from the database<LF>'
CSI Cursor to Column 4: '<ESC>[4G'
text USASCII: ' p  Pick a report from list and run'
CSI Erase 38 Character(s)(s): '<ESC>[38X'
text USASCII: '<LF>'
CSI Cursor to Column 4: '<ESC>[4G'
text USASCII: ' r  Generate report by entering report name     '
CSI Cursor to Column 76: '<ESC>[76G'
text USASCII: ' <LF>'
CSI Cursor to Column 4: '<ESC>[4G'
text USASCII: ' t  Modify character translation tables'
CSI Cursor to Column 76: '<ESC>[76G'
text USASCII: ' <LF>'
CSI Cursor to Column 4: '<ESC>[4G'
text USASCII: ' u  Miscellaneous utilities'
CSI Erase 46 Character(s)(s): '<ESC>[46X'
text USASCII: '<LF>'
CSI Cursor to Column 5: '<ESC>[5G'
text USASCII: 'x  Handle source, event and other records<LF>'
CSI Cursor to Column 5: '<ESC>[5G'
text USASCII: 'Q  Quit current database<LF>'
CSI Cursor to Column 5: '<ESC>[5G'
text USASCII: 'q  Quit program'
CSI Position Cursor to row 6,Col 31]: '<ESC>[6;31H'
CSI Position Cursor to row 4,Col 4]: '<ESC>[4;4H'
text USASCII: 'Checking GEDCOM file for errors.<LF>'
CSI Cursor to Column 4: '<ESC>[4G'
text USASCII: '      3 Persons'
CSI Erase 59 Character(s)(s): '<ESC>[59X'
text USASCII: '<LF>'
CSI Cursor to Column 4: '<ESC>[4G'
text USASCII: '      1 Family            <LF>'
CSI Cursor to Column 5: '<ESC>[5G'
text USASCII: '     0 Sources'
CSI Erase 23 Character(s)(s): '<ESC>[23X'
text USASCII: '<LF>'
CSI Cursor to Column 5: '<ESC>[5G'
text USASCII: '     0 Events     <LF>'
CSI Cursor to Column 5: '<ESC>[5G'
text USASCII: '     0 Others'
CSI Erase 21 Character(s)(s): '<ESC>[21X'
text USASCII: '<LF>'
CSI Cursor to Column 5: '<ESC>[5G'
text USASCII: '     0 Errors'
CSI Erase 26 Character(s)(s): '<ESC>[26X'
text USASCII: '<LF>'
CSI Cursor to Column 5: '<ESC>[5G'
text USASCII: '     0 Warnings'
CSI Erase 19 Character(s)(s): '<ESC>[19X'
text USASCII: '<LF>'
CSI Cursor to Column 5: '<ESC>[5G'
CSI Erase 42 Character(s)(s): '<ESC>[42X'
text USASCII: '<LF>'
CSI Erase 38 Character(s)(s): '<ESC>[38X'
text USASCII: '<LF>'
CSI Erase 26 Character(s)(s): '<ESC>[26X'
text USASCII: '<LF>'
CSI Erase 41 Character(s)(s): '<ESC>[41X'
text USASCII: '<LF>'
CSI Erase 24 Character(s)(s): '<ESC>[24X'
text USASCII: '<LF>'
CSI Erase 15 Character(s)(s): '<ESC>[15X'
CSI Position Cursor to row 5,Col 19]: '<ESC>[5;19H'
CSI Position Cursor to row 12,Col 4]: '<ESC>[12;4H'
text USASCII: 'Import time xxs (ui xxs)<LF>'
CSI Cursor to Column 4: '<ESC>[4G'
CSI Line Position Absolutge [row] to 20, Col unchanged: '<ESC>[20d'
text USASCII: 'Strike any key to continue.<LF>'
CSI Cursor to Column 4: '<ESC>[4G'
CSI Line Position Absolutge [row] to 4, Col unchanged: '<ESC>[4d'
text USASCII: ' Current Database - ./testdb    <LF>'
CSI Cursor to Column 4: '<ESC>[4G'
Designate G0 Character Dec Special and Line Drawing Set: '<ESC>(0'
CSI Character Attributes-Normal: '<ESC>[0m'
text Dec Special 74-Horizontal line: 'qqqqqqqqqqqqqqqqqqqqqqqqqqqqqqqqqqqqqqqqqqqqqqqqqqqqqqqqqqqqqqqqqqqqqqqqqq'
Designate G0 Character United States (USASCII): '<ESC>(B'
text USASCII: '<LF>'
CSI Cursor to Column 4: '<ESC>[4G'
Designate G0 Character Dec Special and Line Drawing Set: '<ESC>(0'
CSI Character Attributes-Normal: '<ESC>[0m'
Designate G0 Character United States (USASCII): '<ESC>(B'
text USASCII: 'lease choose an operation:<LF>'
CSI Cursor to Column 5: '<ESC>[5G'
text USASCII: 'b  Browse the persons in the database<LF>'
CSI Cursor to Column 5: '<ESC>[5G'
text USASCII: 's  Search database<LF>'
CSI Cursor to Column 5: '<ESC>[5G'
text USASCII: 'a  Add information to the database<LF>'
CSI Cursor to Column 5: '<ESC>[5G'
text USASCII: 'd  Delete information from the database<LF>'
CSI Cursor to Column 5: '<ESC>[5G'
text USASCII: 'p  Pick a report from list and run<LF>'
CSI Cursor to Column 4: '<ESC>[4G'
text USASCII: ' r  Generate report by entering report name<LF>'
CSI Cursor to Column 5: '<ESC>[5G'
text USASCII: 't  Modify character translation tables<LF>'
CSI Cursor to Column 5: '<ESC>[5G'
text USASCII: 'u  Miscellaneous utilities<LF>'
CSI Cursor to Column 5: '<ESC>[5G'
text USASCII: 'x  Handle source, event and other records<LF>'
CSI Cursor to Column 5: '<ESC>[5G'
text USASCII: 'Q  Quit current database<LF>'
CSI Cursor to Column 5: '<ESC>[5G'
text USASCII: 'q  Quit program'
CSI Position Cursor to row 20,Col 4]: '<ESC>[20;4H'
CSI Erase 27 Character(s)(s): '<ESC>[27X'
CSI Position Cursor to row 6,Col 31]: '<ESC>[6;31H'
CSI Position Cursor to row 23,Col 25]: '<ESC>[23;25H'
CSI Position Cursor to row 6,Col 31]: '<ESC>[6;31H'
CSI Set Application Cursor Keys: '<ESC>[?1h'
Application Keypad: '<ESC>='
CSI Position Cursor to row 23,Col 25]: '<ESC>[23;25H'
CSI Position Cursor to row 6,Col 31]: '<ESC>[6;31H'
CSI Position Cursor to row 24,Col 1]: '<ESC>[24;1H'
CSI Use Normal Screen Buffer and restore cursor: '<ESC>[?1049l'
CSI Window manipulation invalid command: '<ESC>[23;0;0t'
C0 Control Character (Ctrl-M) Carriage Return: '<CR>'
CSI Dec Private Mode Reset Normal Cursor Keys: '<ESC>[?1l'
Normal Keypad: '<ESC>>'
